Archive member included to satisfy reference by file (symbol)

/usr/lib/gcc/arm-none-eabi/9.2.1/thumb/v6-m/nofp/libgcc.a(_dvmd_tls.o)
                              CMakeFiles/main.dir/__/libraries/pico-sdk/src/rp2_common/pico_divider/divider.S.obj (__aeabi_idiv0)
/usr/lib/gcc/arm-none-eabi/9.2.1/../../../arm-none-eabi/lib/thumb/v6-m/nofp/libc.a(lib_a-atexit.o)
                              /usr/lib/gcc/arm-none-eabi/9.2.1/../../../arm-none-eabi/lib/thumb/v6-m/nofp/crt0.o (atexit)
/usr/lib/gcc/arm-none-eabi/9.2.1/../../../arm-none-eabi/lib/thumb/v6-m/nofp/libc.a(lib_a-calloc.o)
                              CMakeFiles/main.dir/__/libraries/pico-sdk/src/rp2_common/pico_malloc/pico_malloc.c.obj (calloc)
/usr/lib/gcc/arm-none-eabi/9.2.1/../../../arm-none-eabi/lib/thumb/v6-m/nofp/libc.a(lib_a-callocr.o)
                              /usr/lib/gcc/arm-none-eabi/9.2.1/../../../arm-none-eabi/lib/thumb/v6-m/nofp/libc.a(lib_a-calloc.o) (_calloc_r)
/usr/lib/gcc/arm-none-eabi/9.2.1/../../../arm-none-eabi/lib/thumb/v6-m/nofp/libc.a(lib_a-fini.o)
                              /usr/lib/gcc/arm-none-eabi/9.2.1/../../../arm-none-eabi/lib/thumb/v6-m/nofp/crt0.o (__libc_fini_array)
/usr/lib/gcc/arm-none-eabi/9.2.1/../../../arm-none-eabi/lib/thumb/v6-m/nofp/libc.a(lib_a-impure.o)
                              /usr/lib/gcc/arm-none-eabi/9.2.1/../../../arm-none-eabi/lib/thumb/v6-m/nofp/libc.a(lib_a-calloc.o) (_impure_ptr)
/usr/lib/gcc/arm-none-eabi/9.2.1/../../../arm-none-eabi/lib/thumb/v6-m/nofp/libc.a(lib_a-init.o)
                              /usr/lib/gcc/arm-none-eabi/9.2.1/../../../arm-none-eabi/lib/thumb/v6-m/nofp/crt0.o (__libc_init_array)
/usr/lib/gcc/arm-none-eabi/9.2.1/../../../arm-none-eabi/lib/thumb/v6-m/nofp/libc.a(lib_a-malloc.o)
                              CMakeFiles/main.dir/__/libraries/pico-sdk/src/rp2_common/pico_malloc/pico_malloc.c.obj (malloc)
/usr/lib/gcc/arm-none-eabi/9.2.1/../../../arm-none-eabi/lib/thumb/v6-m/nofp/libc.a(lib_a-mallocr.o)
                              /usr/lib/gcc/arm-none-eabi/9.2.1/../../../arm-none-eabi/lib/thumb/v6-m/nofp/libc.a(lib_a-callocr.o) (_malloc_r)
/usr/lib/gcc/arm-none-eabi/9.2.1/../../../arm-none-eabi/lib/thumb/v6-m/nofp/libc.a(lib_a-mlock.o)
                              /usr/lib/gcc/arm-none-eabi/9.2.1/../../../arm-none-eabi/lib/thumb/v6-m/nofp/libc.a(lib_a-mallocr.o) (__malloc_lock)
/usr/lib/gcc/arm-none-eabi/9.2.1/../../../arm-none-eabi/lib/thumb/v6-m/nofp/libc.a(lib_a-realloc.o)
                              CMakeFiles/main.dir/__/libraries/pico-sdk/src/rp2_common/pico_malloc/pico_malloc.c.obj (realloc)
/usr/lib/gcc/arm-none-eabi/9.2.1/../../../arm-none-eabi/lib/thumb/v6-m/nofp/libc.a(lib_a-reallocr.o)
                              /usr/lib/gcc/arm-none-eabi/9.2.1/../../../arm-none-eabi/lib/thumb/v6-m/nofp/libc.a(lib_a-realloc.o) (_realloc_r)
/usr/lib/gcc/arm-none-eabi/9.2.1/../../../arm-none-eabi/lib/thumb/v6-m/nofp/libc.a(lib_a-sbrkr.o)
                              /usr/lib/gcc/arm-none-eabi/9.2.1/../../../arm-none-eabi/lib/thumb/v6-m/nofp/libc.a(lib_a-mallocr.o) (_sbrk_r)
/usr/lib/gcc/arm-none-eabi/9.2.1/../../../arm-none-eabi/lib/thumb/v6-m/nofp/libc.a(lib_a-stpcpy.o)
                              CMakeFiles/main.dir/__/libraries/ioLibrary_Driver/Internet/DNS/dns.c.obj (stpcpy)
/usr/lib/gcc/arm-none-eabi/9.2.1/../../../arm-none-eabi/lib/thumb/v6-m/nofp/libc.a(lib_a-strchr.o)
                              CMakeFiles/main.dir/__/libraries/ioLibrary_Driver/Internet/DNS/dns.c.obj (strchr)
/usr/lib/gcc/arm-none-eabi/9.2.1/../../../arm-none-eabi/lib/thumb/v6-m/nofp/libc.a(lib_a-strlen-stub.o)
                              CMakeFiles/main.dir/__/libraries/pico-sdk/src/rp2_common/pico_stdio/stdio.c.obj (strlen)
/usr/lib/gcc/arm-none-eabi/9.2.1/../../../arm-none-eabi/lib/thumb/v6-m/nofp/libc.a(lib_a-strncpy.o)
                              CMakeFiles/main.dir/__/libraries/ioLibrary_Driver/Internet/DNS/dns.c.obj (strncpy)
/usr/lib/gcc/arm-none-eabi/9.2.1/../../../arm-none-eabi/lib/thumb/v6-m/nofp/libc.a(lib_a-__atexit.o)
                              /usr/lib/gcc/arm-none-eabi/9.2.1/../../../arm-none-eabi/lib/thumb/v6-m/nofp/libc.a(lib_a-atexit.o) (__register_exitproc)
/usr/lib/gcc/arm-none-eabi/9.2.1/../../../arm-none-eabi/lib/thumb/v6-m/nofp/libc.a(lib_a-freer.o)
                              /usr/lib/gcc/arm-none-eabi/9.2.1/../../../arm-none-eabi/lib/thumb/v6-m/nofp/libc.a(lib_a-malloc.o) (_free_r)
/usr/lib/gcc/arm-none-eabi/9.2.1/../../../arm-none-eabi/lib/thumb/v6-m/nofp/libc.a(lib_a-memmove.o)
                              /usr/lib/gcc/arm-none-eabi/9.2.1/../../../arm-none-eabi/lib/thumb/v6-m/nofp/libc.a(lib_a-reallocr.o) (memmove)
/usr/lib/gcc/arm-none-eabi/9.2.1/../../../arm-none-eabi/lib/thumb/v6-m/nofp/libc.a(lib_a-reent.o)
                              /usr/lib/gcc/arm-none-eabi/9.2.1/../../../arm-none-eabi/lib/thumb/v6-m/nofp/libc.a(lib_a-sbrkr.o) (errno)

Allocating common symbols
Common symbol       size              file

[...]
Memory Configuration

Name             Origin             Length             Attributes
FLASH            0x0000000010000000 0x0000000000200000 xr
RAM              0x0000000020000000 0x0000000000040000 xrw
SCRATCH_X        0x0000000020040000 0x0000000000001000 xrw
SCRATCH_Y        0x0000000020041000 0x0000000000001000 xrw
*default*        0x0000000000000000 0xffffffffffffffff

Linker script and memory map

LOAD /usr/lib/gcc/arm-none-eabi/9.2.1/thumb/v6-m/nofp/crti.o
LOAD /usr/lib/gcc/arm-none-eabi/9.2.1/thumb/v6-m/nofp/crtbegin.o
LOAD /usr/lib/gcc/arm-none-eabi/9.2.1/../../../arm-none-eabi/lib/thumb/v6-m/nofp/crt0.o

.flash_begin    0x0000000010000000        0x0
                0x0000000010000000                __flash_binary_start = .

.boot2          0x0000000010000000      0x100
                0x0000000010000000                __boot2_start__ = .
 *(.boot2)
 .boot2         0x0000000010000000      0x100 /tmp/ccGncm2I.o
                0x0000000010000100                __boot2_end__ = .
                0x0000000000000001                ASSERT (((__boot2_end__ - __boot2_start__) == 0x100), ERROR: Pico second stage bootloader must be 256 bytes in size)

.text           0x0000000010000100     0x7ed0
                0x0000000010000100                __logical_binary_start = .
 *(.vectors)
 .vectors       0x0000000010000100       0xd4 CMakeFiles/main.dir/__/libraries/pico-sdk/src/rp2_common/pico_standard_link/crt0.S.obj
                0x0000000010000100                __vectors
                0x0000000010000100                __VECTOR_TABLE
                0x00000000100001c0                isr_invalid
                0x00000000100001c0                __default_isrs_start
                0x00000000100001c2                isr_nmi
                0x00000000100001c4                isr_hardfault
                0x00000000100001c6                isr_svcall
                0x00000000100001c8                isr_pendsv
                0x00000000100001ca                isr_systick
                0x00000000100001cc                isr_irq30
                0x00000000100001cc                __unhandled_user_irq
                0x00000000100001cc                isr_irq13
                0x00000000100001cc                isr_irq27
                0x00000000100001cc                isr_irq31
                0x00000000100001cc                isr_irq5
                0x00000000100001cc                isr_irq11
                0x00000000100001cc                isr_irq23
                0x00000000100001cc                isr_irq18
                0x00000000100001cc                isr_irq28
                0x00000000100001cc                isr_irq19
                0x00000000100001cc                isr_irq0
                0x00000000100001cc                isr_irq6
                0x00000000100001cc                isr_irq22
                0x00000000100001cc                isr_irq17
                0x00000000100001cc                isr_irq14
                0x00000000100001cc                isr_irq2
                0x00000000100001cc                isr_irq10
                0x00000000100001cc                isr_irq8
                0x00000000100001cc                isr_irq24
                0x00000000100001cc                isr_irq1
                0x00000000100001cc                isr_irq7
                0x00000000100001cc                isr_irq21
                0x00000000100001cc                isr_irq20
                0x00000000100001cc                isr_irq15
                0x00000000100001cc                isr_irq25
                0x00000000100001cc                isr_irq4
                0x00000000100001cc                isr_irq16
                0x00000000100001cc                isr_irq29
                0x00000000100001cc                isr_irq26
                0x00000000100001cc                __default_isrs_end
                0x00000000100001cc                isr_irq3
                0x00000000100001cc                isr_irq12
                0x00000000100001cc                isr_irq9
                0x00000000100001d2                unhandled_user_irq_num_in_r0
 *(.binary_info_header)
 .binary_info_header
                0x00000000100001d4       0x14 CMakeFiles/main.dir/__/libraries/pico-sdk/src/rp2_common/pico_standard_link/crt0.S.obj
                0x00000000100001e8                __binary_info_header_end = .
 *(.reset)
 .reset         0x00000000100001e8       0xa0 CMakeFiles/main.dir/__/libraries/pico-sdk/src/rp2_common/pico_standard_link/crt0.S.obj
                0x00000000100001e8                _entry_point
 .reset         0x0000000010000288       0x30 CMakeFiles/main.dir/__/libraries/pico-sdk/src/rp2_common/pico_standard_link/binary_info.c.obj
 *(.init)
 .init          0x00000000100002b8        0x4 /usr/lib/gcc/arm-none-eabi/9.2.1/thumb/v6-m/nofp/crti.o
                0x00000000100002b8                _init
 *(EXCLUDE_FILE(*libm.a: *libc.a:*lib_a-mem*.o *libgcc.a:) .text*)
 .text          0x00000000100002bc       0x98 /usr/lib/gcc/arm-none-eabi/9.2.1/thumb/v6-m/nofp/crtbegin.o
 .text.init_network
                0x0000000010000354       0x54 CMakeFiles/main.dir/main.c.obj
                0x0000000010000354                init_network
 .text.startup.main
                0x00000000100003a8       0x8c CMakeFiles/main.dir/main.c.obj
                0x00000000100003a8                main
 .text.gpio_set_function
                0x0000000010000434       0x30 CMakeFiles/main.dir/__/libraries/pico-sdk/src/rp2_common/hardware_gpio/gpio.c.obj
                0x0000000010000434                gpio_set_function
 .text.gpio_init
                0x0000000010000464       0x3c CMakeFiles/main.dir/__/libraries/pico-sdk/src/rp2_common/hardware_gpio/gpio.c.obj
                0x0000000010000464                gpio_init
 .text.running_on_fpga
                0x00000000100004a0       0x10 CMakeFiles/main.dir/__/libraries/pico-sdk/src/rp2_common/pico_platform/platform.c.obj
                0x00000000100004a0                running_on_fpga
 .text.hw_claim_or_assert
                0x00000000100004b0       0x48 CMakeFiles/main.dir/__/libraries/pico-sdk/src/rp2_common/hardware_claim/claim.c.obj
                0x00000000100004b0                hw_claim_or_assert
 .text.hw_claim_unused_from_range
                0x00000000100004f8       0x9c CMakeFiles/main.dir/__/libraries/pico-sdk/src/rp2_common/hardware_claim/claim.c.obj
                0x00000000100004f8                hw_claim_unused_from_range
 .text.spin_locks_reset
                0x0000000010000594       0x1c CMakeFiles/main.dir/__/libraries/pico-sdk/src/rp2_common/hardware_sync/sync.c.obj
                0x0000000010000594                spin_locks_reset
 .text.next_striped_spin_lock_num
                0x00000000100005b0       0x18 CMakeFiles/main.dir/__/libraries/pico-sdk/src/rp2_common/hardware_sync/sync.c.obj
                0x00000000100005b0                next_striped_spin_lock_num
 .text.spin_lock_claim_unused
                0x00000000100005c8       0x20 CMakeFiles/main.dir/__/libraries/pico-sdk/src/rp2_common/hardware_sync/sync.c.obj
                0x00000000100005c8                spin_lock_claim_unused
 .text.irq_set_enabled
                0x00000000100005e8       0x24 CMakeFiles/main.dir/__/libraries/pico-sdk/src/rp2_common/hardware_irq/irq.c.obj
                0x00000000100005e8                irq_set_enabled
 .text.irq_set_pending
                0x000000001000060c       0x10 CMakeFiles/main.dir/__/libraries/pico-sdk/src/rp2_common/hardware_irq/irq.c.obj
                0x000000001000060c                irq_set_pending
 .text.irq_has_shared_handler
                0x000000001000061c       0x2c CMakeFiles/main.dir/__/libraries/pico-sdk/src/rp2_common/hardware_irq/irq.c.obj
                0x000000001000061c                irq_has_shared_handler
 .text.irq_get_vtable_handler
                0x0000000010000648       0x10 CMakeFiles/main.dir/__/libraries/pico-sdk/src/rp2_common/hardware_irq/irq.c.obj
                0x0000000010000648                irq_get_vtable_handler
 .text.irq_set_exclusive_handler
                0x0000000010000658       0x54 CMakeFiles/main.dir/__/libraries/pico-sdk/src/rp2_common/hardware_irq/irq.c.obj
                0x0000000010000658                irq_set_exclusive_handler
 .text.irq_add_shared_handler
                0x00000000100006ac      0x1c4 CMakeFiles/main.dir/__/libraries/pico-sdk/src/rp2_common/hardware_irq/irq.c.obj
                0x00000000100006ac                irq_add_shared_handler
 .text.irq_remove_handler
                0x0000000010000870      0x1b4 CMakeFiles/main.dir/__/libraries/pico-sdk/src/rp2_common/hardware_irq/irq.c.obj
                0x0000000010000870                irq_remove_handler
 .text.irq_add_tail_to_free_list
                0x0000000010000a24       0xb4 CMakeFiles/main.dir/__/libraries/pico-sdk/src/rp2_common/hardware_irq/irq.c.obj
                0x0000000010000a24                irq_add_tail_to_free_list
 .text.irq_init_priorities
                0x0000000010000ad8       0x24 CMakeFiles/main.dir/__/libraries/pico-sdk/src/rp2_common/hardware_irq/irq.c.obj
                0x0000000010000ad8                irq_init_priorities
 .text.user_irq_claim_unused
                0x0000000010000afc       0x28 CMakeFiles/main.dir/__/libraries/pico-sdk/src/rp2_common/hardware_irq/irq.c.obj
                0x0000000010000afc                user_irq_claim_unused
 .text.lock_init
                0x0000000010000b24       0x10 CMakeFiles/main.dir/__/libraries/pico-sdk/src/common/pico_sync/lock_core.c.obj
                0x0000000010000b24                lock_init
 .text.mutex_init
                0x0000000010000b34       0x1c CMakeFiles/main.dir/__/libraries/pico-sdk/src/common/pico_sync/mutex.c.obj
                0x0000000010000b34                mutex_init
 .text.recursive_mutex_init
                0x0000000010000b50       0x1c CMakeFiles/main.dir/__/libraries/pico-sdk/src/common/pico_sync/mutex.c.obj
                0x0000000010000b50                recursive_mutex_init
 .text.critical_section_init
                0x0000000010000b6c       0x1c CMakeFiles/main.dir/__/libraries/pico-sdk/src/common/pico_sync/critical_section.c.obj
                0x0000000010000b6c                critical_section_init
 .text.critical_section_init_with_lock_num
                0x0000000010000b88       0x14 CMakeFiles/main.dir/__/libraries/pico-sdk/src/common/pico_sync/critical_section.c.obj
                0x0000000010000b88                critical_section_init_with_lock_num
 .text.timer_pool_entry_comparator
                0x0000000010000b9c       0x34 CMakeFiles/main.dir/__/libraries/pico-sdk/src/common/pico_time/time.c.obj
                0x0000000010000b9c                timer_pool_entry_comparator
 .text.sleep_until_callback
                0x0000000010000bd0       0x30 CMakeFiles/main.dir/__/libraries/pico-sdk/src/common/pico_time/time.c.obj
 .text.add_alarm_under_lock
                0x0000000010000c00      0x108 CMakeFiles/main.dir/__/libraries/pico-sdk/src/common/pico_time/time.c.obj
 .text.alarm_pool_alarm_callback
                0x0000000010000d08      0x1bc CMakeFiles/main.dir/__/libraries/pico-sdk/src/common/pico_time/time.c.obj
 .text.alarm_pool_init_default
                0x0000000010000ec4       0x6c CMakeFiles/main.dir/__/libraries/pico-sdk/src/common/pico_time/time.c.obj
                0x0000000010000ec4                alarm_pool_init_default
 .text.alarm_pool_get_default
                0x0000000010000f30        0x8 CMakeFiles/main.dir/__/libraries/pico-sdk/src/common/pico_time/time.c.obj
                0x0000000010000f30                alarm_pool_get_default
 .text.alarm_pool_add_alarm_at
                0x0000000010000f38      0x18c CMakeFiles/main.dir/__/libraries/pico-sdk/src/common/pico_time/time.c.obj
                0x0000000010000f38                alarm_pool_add_alarm_at
 .text.alarm_pool_core_num
                0x00000000100010c4        0x4 CMakeFiles/main.dir/__/libraries/pico-sdk/src/common/pico_time/time.c.obj
                0x00000000100010c4                alarm_pool_core_num
 .text.sleep_until
                0x00000000100010c8       0xc4 CMakeFiles/main.dir/__/libraries/pico-sdk/src/common/pico_time/time.c.obj
                0x00000000100010c8                sleep_until
 .text.sleep_ms
                0x000000001000118c       0x34 CMakeFiles/main.dir/__/libraries/pico-sdk/src/common/pico_time/time.c.obj
                0x000000001000118c                sleep_ms
 .text.best_effort_wfe_or_timeout
                0x00000000100011c0       0xd4 CMakeFiles/main.dir/__/libraries/pico-sdk/src/common/pico_time/time.c.obj
                0x00000000100011c0                best_effort_wfe_or_timeout
 .text.hardware_alarm_irq_handler
                0x0000000010001294       0xbc CMakeFiles/main.dir/__/libraries/pico-sdk/src/rp2_common/hardware_timer/timer.c.obj
 .text.hardware_alarm_claim
                0x0000000010001350       0x18 CMakeFiles/main.dir/__/libraries/pico-sdk/src/rp2_common/hardware_timer/timer.c.obj
                0x0000000010001350                hardware_alarm_claim
 .text.time_us_64
                0x0000000010001368       0x14 CMakeFiles/main.dir/__/libraries/pico-sdk/src/rp2_common/hardware_timer/timer.c.obj
                0x0000000010001368                time_us_64
 .text.busy_wait_until
                0x000000001000137c       0x20 CMakeFiles/main.dir/__/libraries/pico-sdk/src/rp2_common/hardware_timer/timer.c.obj
                0x000000001000137c                busy_wait_until
 .text.hardware_alarm_set_callback
                0x000000001000139c       0x8c CMakeFiles/main.dir/__/libraries/pico-sdk/src/rp2_common/hardware_timer/timer.c.obj
                0x000000001000139c                hardware_alarm_set_callback
 .text.hardware_alarm_set_target
                0x0000000010001428       0xd4 CMakeFiles/main.dir/__/libraries/pico-sdk/src/rp2_common/hardware_timer/timer.c.obj
                0x0000000010001428                hardware_alarm_set_target
 .text.hardware_alarm_cancel
                0x00000000100014fc       0x40 CMakeFiles/main.dir/__/libraries/pico-sdk/src/rp2_common/hardware_timer/timer.c.obj
                0x00000000100014fc                hardware_alarm_cancel
 .text.ph_merge_nodes
                0x000000001000153c       0x68 CMakeFiles/main.dir/__/libraries/pico-sdk/src/common/pico_util/pheap.c.obj
 .text.ph_post_alloc_init
                0x00000000100015a4       0x3c CMakeFiles/main.dir/__/libraries/pico-sdk/src/common/pico_util/pheap.c.obj
                0x00000000100015a4                ph_post_alloc_init
 .text.ph_merge_two_pass
                0x00000000100015e0       0x90 CMakeFiles/main.dir/__/libraries/pico-sdk/src/common/pico_util/pheap.c.obj
                0x00000000100015e0                ph_merge_two_pass
 .text.ph_remove_any_head
                0x0000000010001670      0x100 CMakeFiles/main.dir/__/libraries/pico-sdk/src/common/pico_util/pheap.c.obj
 .text.ph_remove_head
                0x0000000010001770      0x144 CMakeFiles/main.dir/__/libraries/pico-sdk/src/common/pico_util/pheap.c.obj
                0x0000000010001770                ph_remove_head
 .text.ph_remove_and_free_node
                0x00000000100018b4       0x7c CMakeFiles/main.dir/__/libraries/pico-sdk/src/common/pico_util/pheap.c.obj
                0x00000000100018b4                ph_remove_and_free_node
 .text.clocks_init
                0x0000000010001930      0x2d0 CMakeFiles/main.dir/__/libraries/pico-sdk/src/rp2_common/hardware_clocks/clocks.c.obj
                0x0000000010001930                clocks_init
 .text.clock_get_hz
                0x0000000010001c00        0xc CMakeFiles/main.dir/__/libraries/pico-sdk/src/rp2_common/hardware_clocks/clocks.c.obj
                0x0000000010001c00                clock_get_hz
 .text.pll_init
                0x0000000010001c0c       0xa0 CMakeFiles/main.dir/__/libraries/pico-sdk/src/rp2_common/hardware_pll/pll.c.obj
                0x0000000010001c0c                pll_init
 .text.watchdog_start_tick
                0x0000000010001cac       0x10 CMakeFiles/main.dir/__/libraries/pico-sdk/src/rp2_common/hardware_watchdog/watchdog.c.obj
                0x0000000010001cac                watchdog_start_tick
 .text.watchdog_reboot
                0x0000000010001cbc       0x98 CMakeFiles/main.dir/__/libraries/pico-sdk/src/rp2_common/hardware_watchdog/watchdog.c.obj
                0x0000000010001cbc                watchdog_reboot
 .text.xosc_init
                0x0000000010001d54       0x28 CMakeFiles/main.dir/__/libraries/pico-sdk/src/rp2_common/hardware_xosc/xosc.c.obj
                0x0000000010001d54                xosc_init
 .text.runtime_init
                0x0000000010001d7c       0xf0 CMakeFiles/main.dir/__/libraries/pico-sdk/src/rp2_common/pico_runtime/runtime.c.obj
                0x0000000010001d7c                runtime_init
 .text._exit    0x0000000010001e6c        0x4 CMakeFiles/main.dir/__/libraries/pico-sdk/src/rp2_common/pico_runtime/runtime.c.obj
                0x0000000010001e6c                _exit
 .text.exit     0x0000000010001e70        0x8 CMakeFiles/main.dir/__/libraries/pico-sdk/src/rp2_common/pico_runtime/runtime.c.obj
                0x0000000010001e70                exit
 .text.panic    0x0000000010001e78       0x30 CMakeFiles/main.dir/__/libraries/pico-sdk/src/rp2_common/pico_runtime/runtime.c.obj
                0x0000000010001e78                panic
 .text.hard_assertion_failure
                0x0000000010001ea8        0xc CMakeFiles/main.dir/__/libraries/pico-sdk/src/rp2_common/pico_runtime/runtime.c.obj
                0x0000000010001ea8                hard_assertion_failure
 .text._out_null
                0x0000000010001eb4        0x4 CMakeFiles/main.dir/__/libraries/pico-sdk/src/rp2_common/pico_printf/printf.c.obj
 .text._out_rev
                0x0000000010001eb8       0xd0 CMakeFiles/main.dir/__/libraries/pico-sdk/src/rp2_common/pico_printf/printf.c.obj
 .text._ntoa_format
                0x0000000010001f88      0x1d0 CMakeFiles/main.dir/__/libraries/pico-sdk/src/rp2_common/pico_printf/printf.c.obj
 .text._out_char
                0x0000000010002158       0x10 CMakeFiles/main.dir/__/libraries/pico-sdk/src/rp2_common/pico_printf/printf.c.obj
 .text._out_fct
                0x0000000010002168       0x10 CMakeFiles/main.dir/__/libraries/pico-sdk/src/rp2_common/pico_printf/printf.c.obj
 .text._etoa    0x0000000010002178      0x478 CMakeFiles/main.dir/__/libraries/pico-sdk/src/rp2_common/pico_printf/printf.c.obj
 .text._ftoa    0x00000000100025f0      0x3e0 CMakeFiles/main.dir/__/libraries/pico-sdk/src/rp2_common/pico_printf/printf.c.obj
 .text._vsnprintf
                0x00000000100029d0      0xb08 CMakeFiles/main.dir/__/libraries/pico-sdk/src/rp2_common/pico_printf/printf.c.obj
 .text.vfctprintf
                0x00000000100034d8       0x20 CMakeFiles/main.dir/__/libraries/pico-sdk/src/rp2_common/pico_printf/printf.c.obj
                0x00000000100034d8                vfctprintf
 .text.weak_raw_vprintf
                0x00000000100034f8       0x30 CMakeFiles/main.dir/__/libraries/pico-sdk/src/rp2_common/pico_printf/printf.c.obj
                0x00000000100034f8                weak_raw_vprintf
 .text          0x0000000010003528       0x10 CMakeFiles/main.dir/__/libraries/pico-sdk/src/rp2_common/pico_bit_ops/bit_ops_aeabi.S.obj
 .text.rom_func_lookup
                0x0000000010003538       0x10 CMakeFiles/main.dir/__/libraries/pico-sdk/src/rp2_common/pico_bootrom/bootrom.c.obj
                0x0000000010003538                rom_func_lookup
 .text.rom_data_lookup
                0x0000000010003548       0x10 CMakeFiles/main.dir/__/libraries/pico-sdk/src/rp2_common/pico_bootrom/bootrom.c.obj
                0x0000000010003548                rom_data_lookup
 .text.rom_funcs_lookup
                0x0000000010003558       0x3c CMakeFiles/main.dir/__/libraries/pico-sdk/src/rp2_common/pico_bootrom/bootrom.c.obj
                0x0000000010003558                rom_funcs_lookup
 .text.__wrap___aeabi_idiv
                0x0000000010003594       0x50 CMakeFiles/main.dir/__/libraries/pico-sdk/src/rp2_common/pico_divider/divider.S.obj
                0x0000000010003594                __wrap___aeabi_idivmod
                0x0000000010003594                divmod_s32s32
                0x0000000010003594                div_s32s32
                0x0000000010003594                __wrap___aeabi_idiv
                0x000000001000359c                divmod_s32s32_unsafe
                0x00000000100035c8                divmod_s32s32_savestate
 .text.__wrap___aeabi_uidiv
                0x00000000100035e4       0x4c CMakeFiles/main.dir/__/libraries/pico-sdk/src/rp2_common/pico_divider/divider.S.obj
                0x00000000100035e4                __wrap___aeabi_uidiv
                0x00000000100035e4                __wrap___aeabi_uidivmod
                0x00000000100035e4                div_u32u32
                0x00000000100035e4                divmod_u32u32
                0x00000000100035ec                divmod_u32u32_unsafe
                0x0000000010003614                divmod_u32u32_savestate
 .text.__wrap___aeabi_ldiv
                0x0000000010003630      0x424 CMakeFiles/main.dir/__/libraries/pico-sdk/src/rp2_common/pico_divider/divider.S.obj
                0x0000000010003630                div_s64s64
                0x0000000010003630                divmod_s64s64
                0x0000000010003630                __wrap___aeabi_ldivmod
                0x0000000010003660                div_u64u64
                0x0000000010003660                divmod_u64u64
                0x0000000010003660                __wrap___aeabi_uldivmod
                0x0000000010003670                divmod_u64u64_savestate
                0x0000000010003690                divmod_s64s64_unsafe
                0x0000000010003718                divmod_u64u64_unsafe
 .text.__wrap___aeabi_darithmetic
                0x0000000010003a54       0x80 CMakeFiles/main.dir/__/libraries/pico-sdk/src/rp2_common/pico_double/double_aeabi.S.obj
                0x0000000010003a54                __wrap___aeabi_drsub
                0x0000000010003a5a                __wrap___aeabi_dsub
                0x0000000010003a6c                __wrap___aeabi_dadd
                0x0000000010003a7e                __wrap___aeabi_ddiv
                0x0000000010003aba                __wrap___aeabi_dmul
 .text.__wrap___aeabi_cdcmple
                0x0000000010003ad4       0x6c CMakeFiles/main.dir/__/libraries/pico-sdk/src/rp2_common/pico_double/double_aeabi.S.obj
                0x0000000010003ad4                __wrap___aeabi_cdrcmple
                0x0000000010003ae4                __wrap___aeabi_cdcmple
                0x0000000010003ae4                __wrap___aeabi_cdcmpeq
 .text.__wrap___aeabi_dcmplt
                0x0000000010003b40        0xc CMakeFiles/main.dir/__/libraries/pico-sdk/src/rp2_common/pico_double/double_aeabi.S.obj
                0x0000000010003b40                __wrap___aeabi_dcmplt
 .text.__wrap___aeabi_dcmple
                0x0000000010003b4c       0x10 CMakeFiles/main.dir/__/libraries/pico-sdk/src/rp2_common/pico_double/double_aeabi.S.obj
                0x0000000010003b4c                __wrap___aeabi_dcmple
 .text.__wrap___aeabi_dcmpge
                0x0000000010003b5c       0x10 CMakeFiles/main.dir/__/libraries/pico-sdk/src/rp2_common/pico_double/double_aeabi.S.obj
                0x0000000010003b5c                __wrap___aeabi_dcmpge
 .text.__wrap___aeabi_dcmpgt
                0x0000000010003b6c        0xa CMakeFiles/main.dir/__/libraries/pico-sdk/src/rp2_common/pico_double/double_aeabi.S.obj
                0x0000000010003b6c                __wrap___aeabi_dcmpgt
 .text.__wrap___aeabi_dcmpun
                0x0000000010003b76       0x1c CMakeFiles/main.dir/__/libraries/pico-sdk/src/rp2_common/pico_double/double_aeabi.S.obj
                0x0000000010003b76                __wrap___aeabi_dcmpun
 *fill*         0x0000000010003b92        0x2 
 .text.__wrap___aeabi_i2d
                0x0000000010003b94       0x38 CMakeFiles/main.dir/__/libraries/pico-sdk/src/rp2_common/pico_double/double_aeabi.S.obj
                0x0000000010003b94                __wrap___aeabi_ui2d
                0x0000000010003b9c                __wrap___aeabi_i2d
 .text.__wrap___aeabi_d2iz
                0x0000000010003bcc       0x48 CMakeFiles/main.dir/__/libraries/pico-sdk/src/rp2_common/pico_double/double_aeabi.S.obj
                0x0000000010003bcc                __wrap___aeabi_d2iz
                0x0000000010003bcc                double2int_z
 .text.__wrap___aeabi_d2uiz
                0x0000000010003c14       0x18 CMakeFiles/main.dir/__/libraries/pico-sdk/src/rp2_common/pico_double/double_aeabi.S.obj
                0x0000000010003c14                double2uint
                0x0000000010003c14                __wrap___aeabi_d2uiz
 .text.__aeabi_double_init
                0x0000000010003c2c       0xc0 CMakeFiles/main.dir/__/libraries/pico-sdk/src/rp2_common/pico_double/double_init_rom.c.obj
                0x0000000010003c2c                __aeabi_double_init
 .text.double_table_shim_on_use_helper
                0x0000000010003cec       0x2c CMakeFiles/main.dir/__/libraries/pico-sdk/src/rp2_common/pico_double/double_v1_rom_shim.S.obj
                0x0000000010003cec                double_table_shim_on_use_helper
 .text.__wrap___aeabi_dsub
                0x0000000010003d18       0x10 CMakeFiles/main.dir/__/libraries/pico-sdk/src/rp2_common/pico_double/double_v1_rom_shim.S.obj
                0x0000000010003d18                drsub_shim
                0x0000000010003d1e                dsub_shim
 .text.dadd_shim
                0x0000000010003d28      0x15c CMakeFiles/main.dir/__/libraries/pico-sdk/src/rp2_common/pico_double/double_v1_rom_shim.S.obj
                0x0000000010003d28                dadd_shim
 .text.dmul_shim
                0x0000000010003e84      0x15c CMakeFiles/main.dir/__/libraries/pico-sdk/src/rp2_common/pico_double/double_v1_rom_shim.S.obj
                0x0000000010003e84                dmul_shim
 .text.ddiv_shim
                0x0000000010003fe0      0x1b0 CMakeFiles/main.dir/__/libraries/pico-sdk/src/rp2_common/pico_double/double_v1_rom_shim.S.obj
                0x0000000010003fe0                ddiv_shim
 .text.double2uint_shim
                0x0000000010004190        0xe CMakeFiles/main.dir/__/libraries/pico-sdk/src/rp2_common/pico_double/double_v1_rom_shim.S.obj
                0x0000000010004190                double2uint_shim
                0x0000000010004192                double2ufix_shim
 *fill*         0x000000001000419e        0x2 
 .text.double2uint64_shim
                0x00000000100041a0       0x70 CMakeFiles/main.dir/__/libraries/pico-sdk/src/rp2_common/pico_double/double_v1_rom_shim.S.obj
                0x00000000100041a0                double2uint64_shim
                0x00000000100041a2                double2ufix64_shim
                0x00000000100041c2                d2fix_a
 .text.dunpacks
                0x0000000010004210       0x3c CMakeFiles/main.dir/__/libraries/pico-sdk/src/rp2_common/pico_double/double_v1_rom_shim.S.obj
                0x0000000010004210                dunpacks
 .text.__aeabi_lmul
                0x000000001000424c       0x32 CMakeFiles/main.dir/__/libraries/pico-sdk/src/rp2_common/pico_int64_ops/pico_int64_ops_aeabi.S.obj
                0x000000001000424c                __wrap___aeabi_lmul
 *fill*         0x000000001000427e        0x2 
 .text.__aeabi_float_init
                0x0000000010004280       0x64 CMakeFiles/main.dir/__/libraries/pico-sdk/src/rp2_common/pico_float/float_init_rom.c.obj
                0x0000000010004280                __aeabi_float_init
 .text.float_table_shim_on_use_helper
                0x00000000100042e4       0x2c CMakeFiles/main.dir/__/libraries/pico-sdk/src/rp2_common/pico_float/float_v1_rom_shim.S.obj
                0x00000000100042e4                float_table_shim_on_use_helper
 .text          0x0000000010004310       0x10 CMakeFiles/main.dir/__/libraries/pico-sdk/src/rp2_common/pico_mem_ops/mem_ops_aeabi.S.obj
                0x0000000010004310                __aeabi_mem_init
 .text.memset   0x0000000010004320        0xc CMakeFiles/main.dir/__/libraries/pico-sdk/src/rp2_common/pico_mem_ops/mem_ops_aeabi.S.obj
                0x0000000010004320                __wrap_memset
 .text.memcpy   0x000000001000432c        0xc CMakeFiles/main.dir/__/libraries/pico-sdk/src/rp2_common/pico_mem_ops/mem_ops_aeabi.S.obj
                0x000000001000432c                __wrap___aeabi_memcpy
                0x000000001000432c                __wrap_memcpy
 .text.stdio_out_chars_no_crlf
                0x0000000010004338       0x10 CMakeFiles/main.dir/__/libraries/pico-sdk/src/rp2_common/pico_stdio/stdio.c.obj
 .text.stdio_out_chars_crlf
                0x0000000010004348       0x94 CMakeFiles/main.dir/__/libraries/pico-sdk/src/rp2_common/pico_stdio/stdio.c.obj
 .text.stdio_buffered_printer
                0x00000000100043dc       0x64 CMakeFiles/main.dir/__/libraries/pico-sdk/src/rp2_common/pico_stdio/stdio.c.obj
 .text.stdio_put_string
                0x0000000010004440      0x104 CMakeFiles/main.dir/__/libraries/pico-sdk/src/rp2_common/pico_stdio/stdio.c.obj
 .text.__wrap_putchar
                0x0000000010004544       0x98 CMakeFiles/main.dir/__/libraries/pico-sdk/src/rp2_common/pico_stdio/stdio.c.obj
                0x0000000010004544                __wrap_putchar
 .text.__wrap_puts
                0x00000000100045dc       0x3c CMakeFiles/main.dir/__/libraries/pico-sdk/src/rp2_common/pico_stdio/stdio.c.obj
                0x00000000100045dc                __wrap_puts
 .text.stdio_set_driver_enabled
                0x0000000010004618       0x30 CMakeFiles/main.dir/__/libraries/pico-sdk/src/rp2_common/pico_stdio/stdio.c.obj
                0x0000000010004618                stdio_set_driver_enabled
 .text.__wrap_vprintf
                0x0000000010004648       0xd8 CMakeFiles/main.dir/__/libraries/pico-sdk/src/rp2_common/pico_stdio/stdio.c.obj
                0x0000000010004648                __wrap_vprintf
 .text.__wrap_printf
                0x0000000010004720       0x18 CMakeFiles/main.dir/__/libraries/pico-sdk/src/rp2_common/pico_stdio/stdio.c.obj
                0x0000000010004720                __wrap_printf
 .text.stdio_init_all
                0x0000000010004738        0x8 CMakeFiles/main.dir/__/libraries/pico-sdk/src/rp2_common/pico_stdio/stdio.c.obj
                0x0000000010004738                stdio_init_all
 .text.resetd_init
                0x0000000010004740        0x4 CMakeFiles/main.dir/__/libraries/pico-sdk/src/rp2_common/pico_stdio_usb/reset_interface.c.obj
 .text.resetd_reset
                0x0000000010004744        0xc CMakeFiles/main.dir/__/libraries/pico-sdk/src/rp2_common/pico_stdio_usb/reset_interface.c.obj
 .text.resetd_open
                0x0000000010004750       0x28 CMakeFiles/main.dir/__/libraries/pico-sdk/src/rp2_common/pico_stdio_usb/reset_interface.c.obj
 .text.resetd_xfer_cb
                0x0000000010004778        0x4 CMakeFiles/main.dir/__/libraries/pico-sdk/src/rp2_common/pico_stdio_usb/reset_interface.c.obj
 .text.resetd_control_xfer_cb
                0x000000001000477c       0x64 CMakeFiles/main.dir/__/libraries/pico-sdk/src/rp2_common/pico_stdio_usb/reset_interface.c.obj
 .text.usbd_app_driver_get_cb
                0x00000000100047e0        0xc CMakeFiles/main.dir/__/libraries/pico-sdk/src/rp2_common/pico_stdio_usb/reset_interface.c.obj
                0x00000000100047e0                usbd_app_driver_get_cb
 .text.tud_cdc_line_coding_cb
                0x00000000100047ec       0x34 CMakeFiles/main.dir/__/libraries/pico-sdk/src/rp2_common/pico_stdio_usb/reset_interface.c.obj
                0x00000000100047ec                tud_cdc_line_coding_cb
 .text.stdio_usb_set_chars_available_callback
                0x0000000010004820       0x14 CMakeFiles/main.dir/__/libraries/pico-sdk/src/rp2_common/pico_stdio_usb/stdio_usb.c.obj
                0x0000000010004820                stdio_usb_set_chars_available_callback
 .text.usb_irq  0x0000000010004834       0x10 CMakeFiles/main.dir/__/libraries/pico-sdk/src/rp2_common/pico_stdio_usb/stdio_usb.c.obj
 .text.timer_task
                0x0000000010004844       0x54 CMakeFiles/main.dir/__/libraries/pico-sdk/src/rp2_common/pico_stdio_usb/stdio_usb.c.obj
 .text.stdio_usb_in_chars
                0x0000000010004898       0x90 CMakeFiles/main.dir/__/libraries/pico-sdk/src/rp2_common/pico_stdio_usb/stdio_usb.c.obj
                0x0000000010004898                stdio_usb_in_chars
 .text.stdio_usb_out_chars
                0x0000000010004928      0x100 CMakeFiles/main.dir/__/libraries/pico-sdk/src/rp2_common/pico_stdio_usb/stdio_usb.c.obj
 .text.low_priority_worker_irq
                0x0000000010004a28       0xa8 CMakeFiles/main.dir/__/libraries/pico-sdk/src/rp2_common/pico_stdio_usb/stdio_usb.c.obj
 .text.tud_cdc_rx_cb
                0x0000000010004ad0       0x20 CMakeFiles/main.dir/__/libraries/pico-sdk/src/rp2_common/pico_stdio_usb/stdio_usb.c.obj
                0x0000000010004ad0                tud_cdc_rx_cb
 .text.stdio_usb_init
                0x0000000010004af0       0xdc CMakeFiles/main.dir/__/libraries/pico-sdk/src/rp2_common/pico_stdio_usb/stdio_usb.c.obj
                0x0000000010004af0                stdio_usb_init
 .text.tud_descriptor_device_cb
                0x0000000010004bcc        0x8 CMakeFiles/main.dir/__/libraries/pico-sdk/src/rp2_common/pico_stdio_usb/stdio_usb_descriptors.c.obj
                0x0000000010004bcc                tud_descriptor_device_cb
 .text.tud_descriptor_configuration_cb
                0x0000000010004bd4        0x8 CMakeFiles/main.dir/__/libraries/pico-sdk/src/rp2_common/pico_stdio_usb/stdio_usb_descriptors.c.obj
                0x0000000010004bd4                tud_descriptor_configuration_cb
 .text.tud_descriptor_string_cb
                0x0000000010004bdc       0x70 CMakeFiles/main.dir/__/libraries/pico-sdk/src/rp2_common/pico_stdio_usb/stdio_usb_descriptors.c.obj
                0x0000000010004bdc                tud_descriptor_string_cb
 .text.startup._retrieve_unique_id_on_boot
                0x0000000010004c4c       0x10 CMakeFiles/main.dir/__/libraries/pico-sdk/src/rp2_common/pico_unique_id/unique_id.c.obj
 .text.pico_get_unique_board_id_string
                0x0000000010004c5c      0x1bc CMakeFiles/main.dir/__/libraries/pico-sdk/src/rp2_common/pico_unique_id/unique_id.c.obj
                0x0000000010004c5c                pico_get_unique_board_id_string
 .text.flash_get_unique_id
                0x0000000010004e18       0x40 CMakeFiles/main.dir/__/libraries/pico-sdk/src/rp2_common/hardware_flash/flash.c.obj
                0x0000000010004e18                flash_get_unique_id
 .text.dcd_int_enable
                0x0000000010004e58        0xc CMakeFiles/main.dir/__/libraries/pico-sdk/lib/tinyusb/src/portable/raspberrypi/rp2040/dcd_rp2040.c.obj
                0x0000000010004e58                dcd_int_enable
 .text.dcd_set_address
                0x0000000010004e64       0x14 CMakeFiles/main.dir/__/libraries/pico-sdk/lib/tinyusb/src/portable/raspberrypi/rp2040/dcd_rp2040.c.obj
                0x0000000010004e64                dcd_set_address
 .text.dcd_connect
                0x0000000010004e78       0x10 CMakeFiles/main.dir/__/libraries/pico-sdk/lib/tinyusb/src/portable/raspberrypi/rp2040/dcd_rp2040.c.obj
                0x0000000010004e78                dcd_connect
 .text.dcd_init
                0x0000000010004e88       0x9c CMakeFiles/main.dir/__/libraries/pico-sdk/lib/tinyusb/src/portable/raspberrypi/rp2040/dcd_rp2040.c.obj
                0x0000000010004e88                dcd_init
 .text.dcd_edpt0_status_complete
                0x0000000010004f24       0x1c CMakeFiles/main.dir/__/libraries/pico-sdk/lib/tinyusb/src/portable/raspberrypi/rp2040/dcd_rp2040.c.obj
                0x0000000010004f24                dcd_edpt0_status_complete
 .text.dcd_edpt_open
                0x0000000010004f40      0x108 CMakeFiles/main.dir/__/libraries/pico-sdk/lib/tinyusb/src/portable/raspberrypi/rp2040/dcd_rp2040.c.obj
                0x0000000010004f40                dcd_edpt_open
 .text.dcd_edpt_close_all
                0x0000000010005048        0x8 CMakeFiles/main.dir/__/libraries/pico-sdk/lib/tinyusb/src/portable/raspberrypi/rp2040/dcd_rp2040.c.obj
                0x0000000010005048                dcd_edpt_close_all
 .text.dcd_edpt_xfer
                0x0000000010005050       0x24 CMakeFiles/main.dir/__/libraries/pico-sdk/lib/tinyusb/src/portable/raspberrypi/rp2040/dcd_rp2040.c.obj
                0x0000000010005050                dcd_edpt_xfer
 .text.dcd_edpt_stall
                0x0000000010005074       0x38 CMakeFiles/main.dir/__/libraries/pico-sdk/lib/tinyusb/src/portable/raspberrypi/rp2040/dcd_rp2040.c.obj
                0x0000000010005074                dcd_edpt_stall
 .text.dcd_edpt_clear_stall
                0x00000000100050ac       0x30 CMakeFiles/main.dir/__/libraries/pico-sdk/lib/tinyusb/src/portable/raspberrypi/rp2040/dcd_rp2040.c.obj
                0x00000000100050ac                dcd_edpt_clear_stall
 .text.rp2040_usb_init
                0x00000000100050dc       0x4c CMakeFiles/main.dir/__/libraries/pico-sdk/lib/tinyusb/src/portable/raspberrypi/rp2040/rp2040_usb.c.obj
                0x00000000100050dc                rp2040_usb_init
 .text.hw_endpoint_xfer_start
                0x0000000010005128       0x54 CMakeFiles/main.dir/__/libraries/pico-sdk/lib/tinyusb/src/portable/raspberrypi/rp2040/rp2040_usb.c.obj
                0x0000000010005128                hw_endpoint_xfer_start
 .text.tud_mounted
                0x000000001000517c       0x10 CMakeFiles/main.dir/__/libraries/pico-sdk/lib/tinyusb/src/device/usbd.c.obj
                0x000000001000517c                tud_mounted
 .text.tud_suspended
                0x000000001000518c       0x10 CMakeFiles/main.dir/__/libraries/pico-sdk/lib/tinyusb/src/device/usbd.c.obj
                0x000000001000518c                tud_suspended
 .text.tud_inited
                0x000000001000519c       0x14 CMakeFiles/main.dir/__/libraries/pico-sdk/lib/tinyusb/src/device/usbd.c.obj
                0x000000001000519c                tud_inited
 .text.tud_init
                0x00000000100051b0       0xe4 CMakeFiles/main.dir/__/libraries/pico-sdk/lib/tinyusb/src/device/usbd.c.obj
                0x00000000100051b0                tud_init
 .text.tud_task_ext
                0x0000000010005294      0x858 CMakeFiles/main.dir/__/libraries/pico-sdk/lib/tinyusb/src/device/usbd.c.obj
                0x0000000010005294                tud_task_ext
 .text.usbd_open_edpt_pair
                0x0000000010005aec       0x9c CMakeFiles/main.dir/__/libraries/pico-sdk/lib/tinyusb/src/device/usbd.c.obj
                0x0000000010005aec                usbd_open_edpt_pair
 .text.usbd_defer_func
                0x0000000010005b88       0x4c CMakeFiles/main.dir/__/libraries/pico-sdk/lib/tinyusb/src/device/usbd.c.obj
                0x0000000010005b88                usbd_defer_func
 .text.usbd_edpt_open
                0x0000000010005bd4       0x34 CMakeFiles/main.dir/__/libraries/pico-sdk/lib/tinyusb/src/device/usbd.c.obj
                0x0000000010005bd4                usbd_edpt_open
 .text.usbd_edpt_claim
                0x0000000010005c08       0x28 CMakeFiles/main.dir/__/libraries/pico-sdk/lib/tinyusb/src/device/usbd.c.obj
                0x0000000010005c08                usbd_edpt_claim
 .text.usbd_edpt_release
                0x0000000010005c30       0x28 CMakeFiles/main.dir/__/libraries/pico-sdk/lib/tinyusb/src/device/usbd.c.obj
                0x0000000010005c30                usbd_edpt_release
 .text.usbd_edpt_xfer
                0x0000000010005c58       0x4c CMakeFiles/main.dir/__/libraries/pico-sdk/lib/tinyusb/src/device/usbd.c.obj
                0x0000000010005c58                usbd_edpt_xfer
 .text.tud_control_status
                0x0000000010005ca4       0x30 CMakeFiles/main.dir/__/libraries/pico-sdk/lib/tinyusb/src/device/usbd_control.c.obj
                0x0000000010005ca4                tud_control_status
 .text.tud_control_xfer
                0x0000000010005cd4       0xb8 CMakeFiles/main.dir/__/libraries/pico-sdk/lib/tinyusb/src/device/usbd_control.c.obj
                0x0000000010005cd4                tud_control_xfer
 .text.usbd_control_reset
                0x0000000010005d8c       0x14 CMakeFiles/main.dir/__/libraries/pico-sdk/lib/tinyusb/src/device/usbd_control.c.obj
                0x0000000010005d8c                usbd_control_reset
 .text.usbd_control_set_complete_callback
                0x0000000010005da0        0xc CMakeFiles/main.dir/__/libraries/pico-sdk/lib/tinyusb/src/device/usbd_control.c.obj
                0x0000000010005da0                usbd_control_set_complete_callback
 .text.usbd_control_set_request
                0x0000000010005dac       0x1c CMakeFiles/main.dir/__/libraries/pico-sdk/lib/tinyusb/src/device/usbd_control.c.obj
                0x0000000010005dac                usbd_control_set_request
 .text.usbd_control_xfer_cb
                0x0000000010005dc8       0xf8 CMakeFiles/main.dir/__/libraries/pico-sdk/lib/tinyusb/src/device/usbd_control.c.obj
                0x0000000010005dc8                usbd_control_xfer_cb
 .text.tud_cdc_n_connected
                0x0000000010005ec0       0x30 CMakeFiles/main.dir/__/libraries/pico-sdk/lib/tinyusb/src/class/cdc/cdc_device.c.obj
                0x0000000010005ec0                tud_cdc_n_connected
 .text.tud_cdc_n_available
                0x0000000010005ef0       0x18 CMakeFiles/main.dir/__/libraries/pico-sdk/lib/tinyusb/src/class/cdc/cdc_device.c.obj
                0x0000000010005ef0                tud_cdc_n_available
 .text.tud_cdc_n_read
                0x0000000010005f08       0x70 CMakeFiles/main.dir/__/libraries/pico-sdk/lib/tinyusb/src/class/cdc/cdc_device.c.obj
                0x0000000010005f08                tud_cdc_n_read
 .text.tud_cdc_n_write_flush
                0x0000000010005f78       0x78 CMakeFiles/main.dir/__/libraries/pico-sdk/lib/tinyusb/src/class/cdc/cdc_device.c.obj
                0x0000000010005f78                tud_cdc_n_write_flush
 .text.tud_cdc_n_write
                0x0000000010005ff0       0x34 CMakeFiles/main.dir/__/libraries/pico-sdk/lib/tinyusb/src/class/cdc/cdc_device.c.obj
                0x0000000010005ff0                tud_cdc_n_write
 .text.tud_cdc_n_write_available
                0x0000000010006024       0x18 CMakeFiles/main.dir/__/libraries/pico-sdk/lib/tinyusb/src/class/cdc/cdc_device.c.obj
                0x0000000010006024                tud_cdc_n_write_available
 .text.cdcd_init
                0x000000001000603c       0x7c CMakeFiles/main.dir/__/libraries/pico-sdk/lib/tinyusb/src/class/cdc/cdc_device.c.obj
                0x000000001000603c                cdcd_init
 .text.cdcd_reset
                0x00000000100060b8       0x2c CMakeFiles/main.dir/__/libraries/pico-sdk/lib/tinyusb/src/class/cdc/cdc_device.c.obj
                0x00000000100060b8                cdcd_reset
 .text.cdcd_open
                0x00000000100060e4       0xe8 CMakeFiles/main.dir/__/libraries/pico-sdk/lib/tinyusb/src/class/cdc/cdc_device.c.obj
                0x00000000100060e4                cdcd_open
 .text.cdcd_control_xfer_cb
                0x00000000100061cc       0xe4 CMakeFiles/main.dir/__/libraries/pico-sdk/lib/tinyusb/src/class/cdc/cdc_device.c.obj
                0x00000000100061cc                cdcd_control_xfer_cb
 .text.cdcd_xfer_cb
                0x00000000100062b0      0x198 CMakeFiles/main.dir/__/libraries/pico-sdk/lib/tinyusb/src/class/cdc/cdc_device.c.obj
                0x00000000100062b0                cdcd_xfer_cb
 .text.tusb_init
                0x0000000010006448        0xc CMakeFiles/main.dir/__/libraries/pico-sdk/lib/tinyusb/src/tusb.c.obj
                0x0000000010006448                tusb_init
 .text.tusb_inited
                0x0000000010006454        0x8 CMakeFiles/main.dir/__/libraries/pico-sdk/lib/tinyusb/src/tusb.c.obj
                0x0000000010006454                tusb_inited
 .text.tu_edpt_claim
                0x000000001000645c       0x50 CMakeFiles/main.dir/__/libraries/pico-sdk/lib/tinyusb/src/tusb.c.obj
                0x000000001000645c                tu_edpt_claim
 .text.tu_edpt_release
                0x00000000100064ac       0x38 CMakeFiles/main.dir/__/libraries/pico-sdk/lib/tinyusb/src/tusb.c.obj
                0x00000000100064ac                tu_edpt_release
 .text.tu_edpt_validate
                0x00000000100064e4       0x78 CMakeFiles/main.dir/__/libraries/pico-sdk/lib/tinyusb/src/tusb.c.obj
                0x00000000100064e4                tu_edpt_validate
 .text.tu_edpt_bind_driver
                0x000000001000655c       0x34 CMakeFiles/main.dir/__/libraries/pico-sdk/lib/tinyusb/src/tusb.c.obj
                0x000000001000655c                tu_edpt_bind_driver
 .text.tu_fifo_config
                0x0000000010006590       0x70 CMakeFiles/main.dir/__/libraries/pico-sdk/lib/tinyusb/src/common/tusb_fifo.c.obj
                0x0000000010006590                tu_fifo_config
 .text.tu_fifo_count
                0x0000000010006600       0x2c CMakeFiles/main.dir/__/libraries/pico-sdk/lib/tinyusb/src/common/tusb_fifo.c.obj
                0x0000000010006600                tu_fifo_count
 .text.tu_fifo_empty
                0x000000001000662c       0x10 CMakeFiles/main.dir/__/libraries/pico-sdk/lib/tinyusb/src/common/tusb_fifo.c.obj
                0x000000001000662c                tu_fifo_empty
 .text.tu_fifo_remaining
                0x000000001000663c       0x2c CMakeFiles/main.dir/__/libraries/pico-sdk/lib/tinyusb/src/common/tusb_fifo.c.obj
                0x000000001000663c                tu_fifo_remaining
 .text.tu_fifo_read
                0x0000000010006668       0x9c CMakeFiles/main.dir/__/libraries/pico-sdk/lib/tinyusb/src/common/tusb_fifo.c.obj
                0x0000000010006668                tu_fifo_read
 .text.tu_fifo_read_n
                0x0000000010006704       0xf0 CMakeFiles/main.dir/__/libraries/pico-sdk/lib/tinyusb/src/common/tusb_fifo.c.obj
                0x0000000010006704                tu_fifo_read_n
 .text.tu_fifo_write
                0x00000000100067f4       0x88 CMakeFiles/main.dir/__/libraries/pico-sdk/lib/tinyusb/src/common/tusb_fifo.c.obj
                0x00000000100067f4                tu_fifo_write
 .text.tu_fifo_write_n
                0x000000001000687c      0x158 CMakeFiles/main.dir/__/libraries/pico-sdk/lib/tinyusb/src/common/tusb_fifo.c.obj
                0x000000001000687c                tu_fifo_write_n
 .text.tu_fifo_clear
                0x00000000100069d4       0x40 CMakeFiles/main.dir/__/libraries/pico-sdk/lib/tinyusb/src/common/tusb_fifo.c.obj
                0x00000000100069d4                tu_fifo_clear
 .text.tu_fifo_set_overwritable
                0x0000000010006a14       0x48 CMakeFiles/main.dir/__/libraries/pico-sdk/lib/tinyusb/src/common/tusb_fifo.c.obj
                0x0000000010006a14                tu_fifo_set_overwritable
 .text.spi_init
                0x0000000010006a5c      0x130 CMakeFiles/main.dir/__/libraries/pico-sdk/src/rp2_common/hardware_spi/spi.c.obj
                0x0000000010006a5c                spi_init
 .text.close.part.0
                0x0000000010006b8c       0x78 CMakeFiles/main.dir/__/libraries/ioLibrary_Driver/Ethernet/socket.c.obj
 .text.socket   0x0000000010006c04      0x164 CMakeFiles/main.dir/__/libraries/ioLibrary_Driver/Ethernet/socket.c.obj
                0x0000000010006c04                socket
 .text.close    0x0000000010006d68       0x80 CMakeFiles/main.dir/__/libraries/ioLibrary_Driver/Ethernet/socket.c.obj
                0x0000000010006d68                close
 .text.listen   0x0000000010006de8       0x6c CMakeFiles/main.dir/__/libraries/ioLibrary_Driver/Ethernet/socket.c.obj
                0x0000000010006de8                listen
 .text.connect  0x0000000010006e54      0x104 CMakeFiles/main.dir/__/libraries/ioLibrary_Driver/Ethernet/socket.c.obj
                0x0000000010006e54                connect
 .text.send     0x0000000010006f58      0x148 CMakeFiles/main.dir/__/libraries/ioLibrary_Driver/Ethernet/socket.c.obj
                0x0000000010006f58                send
 .text.recv     0x00000000100070a0      0x114 CMakeFiles/main.dir/__/libraries/ioLibrary_Driver/Ethernet/socket.c.obj
                0x00000000100070a0                recv
 .text.wizchip_cris_enter
                0x00000000100071b4        0x4 CMakeFiles/main.dir/__/libraries/ioLibrary_Driver/Ethernet/wizchip_conf.c.obj
                0x00000000100071b4                wizchip_cris_enter
 .text.wizchip_bus_readdata
                0x00000000100071b8        0x8 CMakeFiles/main.dir/__/libraries/ioLibrary_Driver/Ethernet/wizchip_conf.c.obj
                0x00000000100071b8                wizchip_bus_readdata
 .text.wizchip_bus_writedata
                0x00000000100071c0        0x4 CMakeFiles/main.dir/__/libraries/ioLibrary_Driver/Ethernet/wizchip_conf.c.obj
                0x00000000100071c0                wizchip_bus_writedata
 .text.wizchip_spi_readbyte
                0x00000000100071c4        0x4 CMakeFiles/main.dir/__/libraries/ioLibrary_Driver/Ethernet/wizchip_conf.c.obj
                0x00000000100071c4                wizchip_spi_readbyte
 .text.wizchip_spi_writebyte
                0x00000000100071c8        0x4 CMakeFiles/main.dir/__/libraries/ioLibrary_Driver/Ethernet/wizchip_conf.c.obj
                0x00000000100071c8                wizchip_spi_writebyte
 .text.wizchip_cris_exit
                0x00000000100071cc        0x4 CMakeFiles/main.dir/__/libraries/ioLibrary_Driver/Ethernet/wizchip_conf.c.obj
                0x00000000100071cc                wizchip_cris_exit
 .text.wizchip_cs_select
                0x00000000100071d0        0x4 CMakeFiles/main.dir/__/libraries/ioLibrary_Driver/Ethernet/wizchip_conf.c.obj
                0x00000000100071d0                wizchip_cs_select
 .text.wizchip_cs_deselect
                0x00000000100071d4        0x4 CMakeFiles/main.dir/__/libraries/ioLibrary_Driver/Ethernet/wizchip_conf.c.obj
                0x00000000100071d4                wizchip_cs_deselect
 .text.reg_wizchip_cris_cbfunc
                0x00000000100071d8       0x24 CMakeFiles/main.dir/__/libraries/ioLibrary_Driver/Ethernet/wizchip_conf.c.obj
                0x00000000100071d8                reg_wizchip_cris_cbfunc
 .text.reg_wizchip_cs_cbfunc
                0x00000000100071fc       0x24 CMakeFiles/main.dir/__/libraries/ioLibrary_Driver/Ethernet/wizchip_conf.c.obj
                0x00000000100071fc                reg_wizchip_cs_cbfunc
 .text.reg_wizchip_spi_cbfunc
                0x0000000010007220       0x2c CMakeFiles/main.dir/__/libraries/ioLibrary_Driver/Ethernet/wizchip_conf.c.obj
                0x0000000010007220                reg_wizchip_spi_cbfunc
 .text.ctlnetwork
                0x000000001000724c      0x134 CMakeFiles/main.dir/__/libraries/ioLibrary_Driver/Ethernet/wizchip_conf.c.obj
                0x000000001000724c                ctlnetwork
 .text.wizchip_sw_reset
                0x0000000010007380       0x78 CMakeFiles/main.dir/__/libraries/ioLibrary_Driver/Ethernet/wizchip_conf.c.obj
                0x0000000010007380                wizchip_sw_reset
 .text.wizchip_init
                0x00000000100073f8      0x10c CMakeFiles/main.dir/__/libraries/ioLibrary_Driver/Ethernet/wizchip_conf.c.obj
                0x00000000100073f8                wizchip_init
 .text.wizphy_setphyconf
                0x0000000010007504       0x78 CMakeFiles/main.dir/__/libraries/ioLibrary_Driver/Ethernet/wizchip_conf.c.obj
                0x0000000010007504                wizphy_setphyconf
 .text.wizphy_getphyconf
                0x000000001000757c       0x6c CMakeFiles/main.dir/__/libraries/ioLibrary_Driver/Ethernet/wizchip_conf.c.obj
                0x000000001000757c                wizphy_getphyconf
 .text.wizphy_setphypmode
                0x00000000100075e8       0xb8 CMakeFiles/main.dir/__/libraries/ioLibrary_Driver/Ethernet/wizchip_conf.c.obj
                0x00000000100075e8                wizphy_setphypmode
 .text.ctlwizchip
                0x00000000100076a0      0x1f8 CMakeFiles/main.dir/__/libraries/ioLibrary_Driver/Ethernet/wizchip_conf.c.obj
                0x00000000100076a0                ctlwizchip
 .text.WIZCHIP_READ
                0x0000000010007898       0x5c CMakeFiles/main.dir/__/libraries/ioLibrary_Driver/Ethernet/W5500/w5500.c.obj
                0x0000000010007898                WIZCHIP_READ
 .text.WIZCHIP_WRITE
                0x00000000100078f4       0x5c CMakeFiles/main.dir/__/libraries/ioLibrary_Driver/Ethernet/W5500/w5500.c.obj
                0x00000000100078f4                WIZCHIP_WRITE
 .text.WIZCHIP_READ_BUF
                0x0000000010007950       0x88 CMakeFiles/main.dir/__/libraries/ioLibrary_Driver/Ethernet/W5500/w5500.c.obj
                0x0000000010007950                WIZCHIP_READ_BUF
 .text.WIZCHIP_WRITE_BUF
                0x00000000100079d8       0x74 CMakeFiles/main.dir/__/libraries/ioLibrary_Driver/Ethernet/W5500/w5500.c.obj
                0x00000000100079d8                WIZCHIP_WRITE_BUF
 .text.getSn_TX_FSR
                0x0000000010007a4c       0x54 CMakeFiles/main.dir/__/libraries/ioLibrary_Driver/Ethernet/W5500/w5500.c.obj
                0x0000000010007a4c                getSn_TX_FSR
 .text.getSn_RX_RSR
                0x0000000010007aa0       0x54 CMakeFiles/main.dir/__/libraries/ioLibrary_Driver/Ethernet/W5500/w5500.c.obj
                0x0000000010007aa0                getSn_RX_RSR
 .text.wiz_send_data
                0x0000000010007af4       0x68 CMakeFiles/main.dir/__/libraries/ioLibrary_Driver/Ethernet/W5500/w5500.c.obj
                0x0000000010007af4                wiz_send_data
 .text.wiz_recv_data
                0x0000000010007b5c       0x68 CMakeFiles/main.dir/__/libraries/ioLibrary_Driver/Ethernet/W5500/w5500.c.obj
                0x0000000010007b5c                wiz_recv_data
 .text.wizchip_select
                0x0000000010007bc4        0xc CMakeFiles/main.dir/__/port/ioLibrary_Driver/src/w5x00_spi.c.obj
 .text.wizchip_deselect
                0x0000000010007bd0        0xc CMakeFiles/main.dir/__/port/ioLibrary_Driver/src/w5x00_spi.c.obj
 .text.wizchip_critical_section_unlock
                0x0000000010007bdc       0x18 CMakeFiles/main.dir/__/port/ioLibrary_Driver/src/w5x00_spi.c.obj
 .text.wizchip_critical_section_lock
                0x0000000010007bf4       0x1c CMakeFiles/main.dir/__/port/ioLibrary_Driver/src/w5x00_spi.c.obj
 .text.wizchip_write
                0x0000000010007c10       0x1c CMakeFiles/main.dir/__/port/ioLibrary_Driver/src/w5x00_spi.c.obj
 .text.wizchip_read
                0x0000000010007c2c       0x24 CMakeFiles/main.dir/__/port/ioLibrary_Driver/src/w5x00_spi.c.obj
 .text.wizchip_reset
                0x0000000010007c50       0x20 CMakeFiles/main.dir/__/port/ioLibrary_Driver/src/w5x00_spi.c.obj
                0x0000000010007c50                wizchip_reset
 .text.wizchip_spi_initialize
                0x0000000010007c70       0x40 CMakeFiles/main.dir/__/port/ioLibrary_Driver/src/w5x00_spi.c.obj
                0x0000000010007c70                wizchip_spi_initialize
 .text.wizchip_cris_initialize
                0x0000000010007cb0       0x20 CMakeFiles/main.dir/__/port/ioLibrary_Driver/src/w5x00_spi.c.obj
                0x0000000010007cb0                wizchip_cris_initialize
 .text.wizchip_initialize
                0x0000000010007cd0       0x7c CMakeFiles/main.dir/__/port/ioLibrary_Driver/src/w5x00_spi.c.obj
                0x0000000010007cd0                wizchip_initialize
 .text.wizchip_check
                0x0000000010007d4c       0x28 CMakeFiles/main.dir/__/port/ioLibrary_Driver/src/w5x00_spi.c.obj
                0x0000000010007d4c                wizchip_check
 .text.network_initialize
                0x0000000010007d74       0x1c CMakeFiles/main.dir/__/port/ioLibrary_Driver/src/w5x00_spi.c.obj
                0x0000000010007d74                network_initialize
 .text.print_network_information
                0x0000000010007d90       0xe0 CMakeFiles/main.dir/__/port/ioLibrary_Driver/src/w5x00_spi.c.obj
                0x0000000010007d90                print_network_information
 .text          0x0000000010007e70       0x68 /usr/lib/gcc/arm-none-eabi/9.2.1/../../../arm-none-eabi/lib/thumb/v6-m/nofp/libc.a(lib_a-strlen-stub.o)
                0x0000000010007e70                strlen
 *(.fini)
 .fini          0x0000000010007ed8        0x4 /usr/lib/gcc/arm-none-eabi/9.2.1/thumb/v6-m/nofp/crti.o
                0x0000000010007ed8                _fini
 *fill*         0x0000000010007edc        0x4 
 .fini.__stub   0x0000000010007ee0       0xf0 linker stubs
 *crtbegin.o(.ctors)
 *crtbegin?.o(.ctors)
 *(EXCLUDE_FILE(*crtend.o *crtend?.o) .ctors)
 *(SORT_BY_NAME(.ctors.*))
 *(.ctors)
 *crtbegin.o(.dtors)
 *crtbegin?.o(.dtors)
 *(EXCLUDE_FILE(*crtend.o *crtend?.o) .dtors)
 *(SORT_BY_NAME(.dtors.*))
 *(.dtors)
 *(.eh_frame*)
 .eh_frame      0x0000000010007fd0        0x0 /usr/lib/gcc/arm-none-eabi/9.2.1/thumb/v6-m/nofp/crtbegin.o
                0x0000000010007fd0                . = ALIGN (0x4)

.glue_7         0x0000000010007fd0        0x0
 .glue_7        0x0000000010007fd0        0x0 linker stubs

.glue_7t        0x0000000010007fd0        0x0
 .glue_7t       0x0000000010007fd0        0x0 linker stubs

.vfp11_veneer   0x0000000010007fd0        0x0
 .vfp11_veneer  0x0000000010007fd0        0x0 linker stubs

.v4_bx          0x0000000010007fd0        0x0
 .v4_bx         0x0000000010007fd0        0x0 linker stubs

.iplt           0x0000000010007fd0        0x0
 .iplt          0x0000000010007fd0        0x0 /usr/lib/gcc/arm-none-eabi/9.2.1/thumb/v6-m/nofp/crtbegin.o

.rodata         0x0000000010007fd0      0x7f8
 *(EXCLUDE_FILE(*libm.a: *libc.a:*lib_a-mem*.o *libgcc.a:) .rodata*)
 .rodata.g_net_info
                0x0000000010007fd0       0x17 CMakeFiles/main.dir/main.c.obj
 *fill*         0x0000000010007fe7        0x1 
 .rodata.spin_lock_claim_unused.str1.4
                0x0000000010007fe8       0x1b CMakeFiles/main.dir/__/libraries/pico-sdk/src/rp2_common/hardware_sync/sync.c.obj
 *fill*         0x0000000010008003        0x1 
 .rodata.user_irq_claim_unused.str1.4
                0x0000000010008004       0x1b CMakeFiles/main.dir/__/libraries/pico-sdk/src/rp2_common/hardware_irq/irq.c.obj
 *fill*         0x000000001000801f        0x1 
 .rodata.hardware_alarm_claim.str1.4
                0x0000000010008020       0x22 CMakeFiles/main.dir/__/libraries/pico-sdk/src/rp2_common/hardware_timer/timer.c.obj
 *fill*         0x0000000010008042        0x2 
 .rodata.panic.str1.4
                0x0000000010008044       0x10 CMakeFiles/main.dir/__/libraries/pico-sdk/src/rp2_common/pico_runtime/runtime.c.obj
                                         0x12 (size before relaxing)
 .rodata.hard_assertion_failure.str1.4
                0x0000000010008054        0xc CMakeFiles/main.dir/__/libraries/pico-sdk/src/rp2_common/pico_runtime/runtime.c.obj
 .rodata._ftoa.str1.4
                0x0000000010008060       0x15 CMakeFiles/main.dir/__/libraries/pico-sdk/src/rp2_common/pico_printf/printf.c.obj
 *fill*         0x0000000010008075        0x3 
 .rodata._vsnprintf
                0x0000000010008078      0x1e0 CMakeFiles/main.dir/__/libraries/pico-sdk/src/rp2_common/pico_printf/printf.c.obj
 .rodata.pow10.5444
                0x0000000010008258       0x50 CMakeFiles/main.dir/__/libraries/pico-sdk/src/rp2_common/pico_printf/printf.c.obj
 .rodata.str1.4
                0x00000000100082a8       0x3c CMakeFiles/main.dir/__/libraries/pico-sdk/src/rp2_common/pico_standard_link/binary_info.c.obj
 .rodata.__bi_44
                0x00000000100082e4        0xc CMakeFiles/main.dir/__/libraries/pico-sdk/src/rp2_common/pico_standard_link/binary_info.c.obj
 .rodata.__bi_75
                0x00000000100082f0        0xc CMakeFiles/main.dir/__/libraries/pico-sdk/src/rp2_common/pico_standard_link/binary_info.c.obj
 .rodata.__bi_81
                0x00000000100082fc        0xc CMakeFiles/main.dir/__/libraries/pico-sdk/src/rp2_common/pico_standard_link/binary_info.c.obj
 .rodata.crlf_str.6087
                0x0000000010008308        0x2 CMakeFiles/main.dir/__/libraries/pico-sdk/src/rp2_common/pico_stdio/stdio.c.obj
 *fill*         0x000000001000830a        0x2 
 .rodata._resetd_driver
                0x000000001000830c       0x18 CMakeFiles/main.dir/__/libraries/pico-sdk/src/rp2_common/pico_stdio_usb/reset_interface.c.obj
 .rodata.str1.4
                0x0000000010008324       0x13 CMakeFiles/main.dir/__/libraries/pico-sdk/src/rp2_common/pico_stdio_usb/stdio_usb.c.obj
 *fill*         0x0000000010008337        0x1 
 .rodata.__bi_182.7658
                0x0000000010008338        0xc CMakeFiles/main.dir/__/libraries/pico-sdk/src/rp2_common/pico_stdio_usb/stdio_usb.c.obj
 .rodata.str1.4
                0x0000000010008344       0x2a CMakeFiles/main.dir/__/libraries/pico-sdk/src/rp2_common/pico_stdio_usb/stdio_usb_descriptors.c.obj
 *fill*         0x000000001000836e        0x2 
 .rodata.usbd_desc_cfg
                0x0000000010008370       0x54 CMakeFiles/main.dir/__/libraries/pico-sdk/src/rp2_common/pico_stdio_usb/stdio_usb_descriptors.c.obj
 .rodata.usbd_desc_device
                0x00000000100083c4       0x12 CMakeFiles/main.dir/__/libraries/pico-sdk/src/rp2_common/pico_stdio_usb/stdio_usb_descriptors.c.obj
 *fill*         0x00000000100083d6        0x2 
 .rodata.usbd_desc_str
                0x00000000100083d8       0x18 CMakeFiles/main.dir/__/libraries/pico-sdk/src/rp2_common/pico_stdio_usb/stdio_usb_descriptors.c.obj
 .rodata.str1.4
                0x00000000100083f0       0x14 CMakeFiles/main.dir/__/libraries/pico-sdk/lib/tinyusb/src/portable/raspberrypi/rp2040/dcd_rp2040.c.obj
 .rodata.str1.4
                0x0000000010008404       0x53 CMakeFiles/main.dir/__/libraries/pico-sdk/lib/tinyusb/src/portable/raspberrypi/rp2040/rp2040_usb.c.obj
 *fill*         0x0000000010008457        0x1 
 .rodata.tud_task_ext
                0x0000000010008458       0x8c CMakeFiles/main.dir/__/libraries/pico-sdk/lib/tinyusb/src/device/usbd.c.obj
 .rodata._usbd_driver
                0x00000000100084e4       0x18 CMakeFiles/main.dir/__/libraries/pico-sdk/lib/tinyusb/src/device/usbd.c.obj
 .rodata.ctlnetwork
                0x00000000100084fc       0x18 CMakeFiles/main.dir/__/libraries/ioLibrary_Driver/Ethernet/wizchip_conf.c.obj
 .rodata.ctlwizchip
                0x0000000010008514       0x40 CMakeFiles/main.dir/__/libraries/ioLibrary_Driver/Ethernet/wizchip_conf.c.obj
 .rodata.wizchip_initialize.str1.4
                0x0000000010008554       0x31 CMakeFiles/main.dir/__/port/ioLibrary_Driver/src/w5x00_spi.c.obj
 *fill*         0x0000000010008585        0x3 
 .rodata.wizchip_check.str1.4
                0x0000000010008588       0x34 CMakeFiles/main.dir/__/port/ioLibrary_Driver/src/w5x00_spi.c.obj
 .rodata.print_network_information.str1.4
                0x00000000100085bc      0x1ba CMakeFiles/main.dir/__/port/ioLibrary_Driver/src/w5x00_spi.c.obj
 *fill*         0x0000000010008776        0x2 
 .rodata.str1.4
                0x0000000010008778       0x20 CMakeFiles/main.dir/__/port/ioLibrary_Driver/src/w5x00_spi.c.obj
 .rodata        0x0000000010008798       0x10 CMakeFiles/main.dir/__/port/ioLibrary_Driver/src/w5x00_spi.c.obj
 .rodata.__bi_146.6920
                0x00000000100087a8        0x8 CMakeFiles/main.dir/__/port/ioLibrary_Driver/src/w5x00_spi.c.obj
 .rodata.__bi_154.6923
                0x00000000100087b0        0xc CMakeFiles/main.dir/__/port/ioLibrary_Driver/src/w5x00_spi.c.obj
 .rodata.__bi_58.6900
                0x00000000100087bc        0xc CMakeFiles/main.dir/__/port/ioLibrary_Driver/src/w5x00_spi.c.obj
                0x00000000100087c8                . = ALIGN (0x4)
 *(SORT_BY_ALIGNMENT(SORT_BY_NAME(.flashdata*)))
                0x00000000100087c8                . = ALIGN (0x4)

.ARM.extab
 *(.ARM.extab* .gnu.linkonce.armextab.*)
                0x00000000100087c8                __exidx_start = .

.ARM.exidx
 *(.ARM.exidx* .gnu.linkonce.armexidx.*)
                0x00000000100087c8                __exidx_end = .
                0x00000000100087c8                . = ALIGN (0x4)
                0x00000000100087c8                __binary_info_start = .

.binary_info    0x00000000100087c8       0x2c
 *(.binary_info.keep.*)
 .binary_info.keep.__bi_ptr22
                0x00000000100087c8        0x4 CMakeFiles/main.dir/__/libraries/pico-sdk/src/rp2_common/pico_standard_link/binary_info.c.obj
 .binary_info.keep.__bi_ptr30
                0x00000000100087cc        0x4 CMakeFiles/main.dir/__/libraries/pico-sdk/src/rp2_common/pico_standard_link/binary_info.c.obj
 .binary_info.keep.__bi_ptr38
                0x00000000100087d0        0x4 CMakeFiles/main.dir/__/libraries/pico-sdk/src/rp2_common/pico_standard_link/binary_info.c.obj
 .binary_info.keep.__bi_ptr44
                0x00000000100087d4        0x4 CMakeFiles/main.dir/__/libraries/pico-sdk/src/rp2_common/pico_standard_link/binary_info.c.obj
 .binary_info.keep.__bi_ptr50
                0x00000000100087d8        0x4 CMakeFiles/main.dir/__/libraries/pico-sdk/src/rp2_common/pico_standard_link/binary_info.c.obj
 .binary_info.keep.__bi_ptr75
                0x00000000100087dc        0x4 CMakeFiles/main.dir/__/libraries/pico-sdk/src/rp2_common/pico_standard_link/binary_info.c.obj
 .binary_info.keep.__bi_ptr81
                0x00000000100087e0        0x4 CMakeFiles/main.dir/__/libraries/pico-sdk/src/rp2_common/pico_standard_link/binary_info.c.obj
 .binary_info.keep.__bi_ptr146
                0x00000000100087e4        0x4 CMakeFiles/main.dir/__/port/ioLibrary_Driver/src/w5x00_spi.c.obj
 .binary_info.keep.__bi_ptr154
                0x00000000100087e8        0x4 CMakeFiles/main.dir/__/port/ioLibrary_Driver/src/w5x00_spi.c.obj
 .binary_info.keep.__bi_ptr58
                0x00000000100087ec        0x4 CMakeFiles/main.dir/__/port/ioLibrary_Driver/src/w5x00_spi.c.obj
 *(.binary_info.*)
 .binary_info.__bi_ptr182
                0x00000000100087f0        0x4 CMakeFiles/main.dir/__/libraries/pico-sdk/src/rp2_common/pico_stdio_usb/stdio_usb.c.obj
                0x00000000100087f4                __binary_info_end = .

.rel.dyn        0x00000000100087f4        0x0
 .rel.iplt      0x00000000100087f4        0x0 /usr/lib/gcc/arm-none-eabi/9.2.1/thumb/v6-m/nofp/crtbegin.o
                0x00000000100087f4                . = ALIGN (0x4)

.ram_vector_table
                0x0000000020000000       0xc0
 *(.ram_vector_table)
 .ram_vector_table
                0x0000000020000000       0xc0 CMakeFiles/main.dir/__/libraries/pico-sdk/src/rp2_common/pico_runtime/runtime.c.obj
                0x0000000020000000                ram_vector_table

.data           0x00000000200000c0      0xf7c load address 0x00000000100087f4
                0x00000000200000c0                __data_start__ = .
 *(vtable)
 *(.time_critical*)
 .time_critical.mutex_try_enter
                0x00000000200000c0       0x48 CMakeFiles/main.dir/__/libraries/pico-sdk/src/common/pico_sync/mutex.c.obj
                0x00000000200000c0                mutex_try_enter
 .time_critical.mutex_try_enter_block_until
                0x0000000020000108       0xb0 CMakeFiles/main.dir/__/libraries/pico-sdk/src/common/pico_sync/mutex.c.obj
                0x0000000020000108                mutex_try_enter_block_until
 .time_critical.mutex_enter_timeout_ms
                0x00000000200001b8       0x90 CMakeFiles/main.dir/__/libraries/pico-sdk/src/common/pico_sync/mutex.c.obj
                0x00000000200001b8                mutex_enter_timeout_ms
 .time_critical.mutex_exit
                0x0000000020000248       0x28 CMakeFiles/main.dir/__/libraries/pico-sdk/src/common/pico_sync/mutex.c.obj
                0x0000000020000248                mutex_exit
 .time_critical.flash_init_boot2_copyout
                0x0000000020000270       0x30 CMakeFiles/main.dir/__/libraries/pico-sdk/src/rp2_common/hardware_flash/flash.c.obj
 .time_critical.flash_enable_xip_via_boot2
                0x00000000200002a0       0x10 CMakeFiles/main.dir/__/libraries/pico-sdk/src/rp2_common/hardware_flash/flash.c.obj
 .time_critical.flash_cs_force
                0x00000000200002b0       0x38 CMakeFiles/main.dir/__/libraries/pico-sdk/src/rp2_common/hardware_flash/flash.c.obj
 .time_critical.flash_do_cmd
                0x00000000200002e8       0xc4 CMakeFiles/main.dir/__/libraries/pico-sdk/src/rp2_common/hardware_flash/flash.c.obj
                0x00000000200002e8                flash_do_cmd
 .time_critical.reset_non_control_endpoints
                0x00000000200003ac       0xbc CMakeFiles/main.dir/__/libraries/pico-sdk/lib/tinyusb/src/portable/raspberrypi/rp2040/dcd_rp2040.c.obj
 .time_critical.hw_handle_buff_status
                0x0000000020000468       0xb4 CMakeFiles/main.dir/__/libraries/pico-sdk/lib/tinyusb/src/portable/raspberrypi/rp2040/dcd_rp2040.c.obj
 .time_critical.dcd_rp2040_irq
                0x000000002000051c      0x4f4 CMakeFiles/main.dir/__/libraries/pico-sdk/lib/tinyusb/src/portable/raspberrypi/rp2040/dcd_rp2040.c.obj
 .time_critical.prepare_ep_buffer
                0x0000000020000a10       0x70 CMakeFiles/main.dir/__/libraries/pico-sdk/lib/tinyusb/src/portable/raspberrypi/rp2040/rp2040_usb.c.obj
 .time_critical.sync_ep_buffer
                0x0000000020000a80       0x4c CMakeFiles/main.dir/__/libraries/pico-sdk/lib/tinyusb/src/portable/raspberrypi/rp2040/rp2040_usb.c.obj
 .time_critical._hw_endpoint_xfer_sync
                0x0000000020000acc       0x28 CMakeFiles/main.dir/__/libraries/pico-sdk/lib/tinyusb/src/portable/raspberrypi/rp2040/rp2040_usb.c.obj
 .time_critical.e15_is_bulkin_ep
                0x0000000020000af4       0x28 CMakeFiles/main.dir/__/libraries/pico-sdk/lib/tinyusb/src/portable/raspberrypi/rp2040/rp2040_usb.c.obj
 .time_critical.e15_is_critical_frame_period
                0x0000000020000b1c       0x38 CMakeFiles/main.dir/__/libraries/pico-sdk/lib/tinyusb/src/portable/raspberrypi/rp2040/rp2040_usb.c.obj
 .time_critical.hw_endpoint_reset_transfer
                0x0000000020000b54        0xc CMakeFiles/main.dir/__/libraries/pico-sdk/lib/tinyusb/src/portable/raspberrypi/rp2040/rp2040_usb.c.obj
                0x0000000020000b54                hw_endpoint_reset_transfer
 .time_critical._hw_endpoint_buffer_control_update32
                0x0000000020000b60       0x58 CMakeFiles/main.dir/__/libraries/pico-sdk/lib/tinyusb/src/portable/raspberrypi/rp2040/rp2040_usb.c.obj
                0x0000000020000b60                _hw_endpoint_buffer_control_update32
 .time_critical.hw_endpoint_start_next_buffer
                0x0000000020000bb8       0x6c CMakeFiles/main.dir/__/libraries/pico-sdk/lib/tinyusb/src/portable/raspberrypi/rp2040/rp2040_usb.c.obj
                0x0000000020000bb8                hw_endpoint_start_next_buffer
 .time_critical.hw_endpoint_xfer_continue
                0x0000000020000c24       0x50 CMakeFiles/main.dir/__/libraries/pico-sdk/lib/tinyusb/src/portable/raspberrypi/rp2040/rp2040_usb.c.obj
                0x0000000020000c24                hw_endpoint_xfer_continue
 .time_critical.tinyusb
                0x0000000020000c74      0x170 CMakeFiles/main.dir/__/libraries/pico-sdk/lib/tinyusb/src/device/usbd.c.obj
                0x0000000020000c74                dcd_event_handler
 .time_critical.spi_write_blocking
                0x0000000020000de4       0x4c CMakeFiles/main.dir/__/libraries/pico-sdk/src/rp2_common/hardware_spi/spi.c.obj
                0x0000000020000de4                spi_write_blocking
 .time_critical.spi_read_blocking
                0x0000000020000e30       0x74 CMakeFiles/main.dir/__/libraries/pico-sdk/src/rp2_common/hardware_spi/spi.c.obj
                0x0000000020000e30                spi_read_blocking
 *(.text*)
 .text          0x0000000020000ea4        0x4 /usr/lib/gcc/arm-none-eabi/9.2.1/thumb/v6-m/nofp/libgcc.a(_dvmd_tls.o)
                0x0000000020000ea4                __aeabi_ldiv0
                0x0000000020000ea4                __aeabi_idiv0
 .text.__stub   0x0000000020000ea8       0x70 linker stubs
                0x0000000020000f18                . = ALIGN (0x4)
 *(.rodata*)
                0x0000000020000f18                . = ALIGN (0x4)
 *(.data*)
 .data.striped_spin_lock_num
                0x0000000020000f18        0x1 CMakeFiles/main.dir/__/libraries/pico-sdk/src/rp2_common/hardware_sync/sync.c.obj
 *fill*         0x0000000020000f19        0x3 
 .data          0x0000000020000f1c       0x48 CMakeFiles/main.dir/__/libraries/pico-sdk/src/rp2_common/hardware_irq/irq_handler_chain.S.obj
                0x0000000020000f1c                irq_handler_chain_slots
                0x0000000020000f4c                irq_handler_chain_first_slot
                0x0000000020000f56                irq_handler_chain_remove_tail
 .data.default_alarm_pool
                0x0000000020000f64       0x18 CMakeFiles/main.dir/__/libraries/pico-sdk/src/common/pico_time/time.c.obj
 .data.default_alarm_pool_heap
                0x0000000020000f7c       0x10 CMakeFiles/main.dir/__/libraries/pico-sdk/src/common/pico_time/time.c.obj
 *fill*         0x0000000020000f8c        0x4 
 .data.aeabi_bits_funcs
                0x0000000020000f90       0x10 CMakeFiles/main.dir/__/libraries/pico-sdk/src/rp2_common/pico_bit_ops/bit_ops_aeabi.S.obj
                0x0000000020000f90                aeabi_bits_funcs
                0x0000000020000fa0                aeabi_bits_funcs_end
 .data.aeabi_mem_funcs
                0x0000000020000fa0       0x10 CMakeFiles/main.dir/__/libraries/pico-sdk/src/rp2_common/pico_mem_ops/mem_ops_aeabi.S.obj
                0x0000000020000fa0                aeabi_mem_funcs
                0x0000000020000fb0                aeabi_mem_funcs_end
 .data.stdio_usb
                0x0000000020000fb0       0x18 CMakeFiles/main.dir/__/libraries/pico-sdk/src/rp2_common/pico_stdio_usb/stdio_usb.c.obj
                0x0000000020000fb0                stdio_usb
 .data.ep_dir_string
                0x0000000020000fc8        0x8 CMakeFiles/main.dir/__/libraries/pico-sdk/lib/tinyusb/src/portable/raspberrypi/rp2040/rp2040_usb.c.obj
                0x0000000020000fc8                ep_dir_string
 .data._usbd_qdef
                0x0000000020000fd0       0x1c CMakeFiles/main.dir/__/libraries/pico-sdk/lib/tinyusb/src/device/usbd.c.obj
                0x0000000020000fd0                _usbd_qdef
 .data._usbd_rhport
                0x0000000020000fec        0x1 CMakeFiles/main.dir/__/libraries/pico-sdk/lib/tinyusb/src/device/usbd.c.obj
 *fill*         0x0000000020000fed        0x1 
 .data.sock_any_port
                0x0000000020000fee        0x2 CMakeFiles/main.dir/__/libraries/ioLibrary_Driver/Ethernet/socket.c.obj
 .data.WIZCHIP  0x0000000020000ff0       0x2c CMakeFiles/main.dir/__/libraries/ioLibrary_Driver/Ethernet/wizchip_conf.c.obj
                0x0000000020000ff0                WIZCHIP
                0x000000002000101c                . = ALIGN (0x4)
 *(.after_data.*)
                0x000000002000101c                . = ALIGN (0x4)
                0x000000002000101c                PROVIDE (__mutex_array_start = .)
 *(SORT_BY_NAME(.mutex_array.*))
 *(.mutex_array)
 .mutex_array   0x000000002000101c        0x8 CMakeFiles/main.dir/__/libraries/pico-sdk/src/rp2_common/pico_stdio/stdio.c.obj
                0x0000000020001024                PROVIDE (__mutex_array_end = .)
                0x0000000020001024                . = ALIGN (0x4)
                0x0000000020001024                PROVIDE (__preinit_array_start = .)
 *(SORT_BY_NAME(.preinit_array.*))
 .preinit_array.00001
                0x0000000020001024        0x4 CMakeFiles/main.dir/__/libraries/pico-sdk/src/rp2_common/pico_mem_ops/mem_ops_aeabi.S.obj
 .preinit_array.00010
                0x0000000020001028        0x4 CMakeFiles/main.dir/__/libraries/pico-sdk/src/rp2_common/pico_bit_ops/bit_ops_aeabi.S.obj
 .preinit_array.00020
                0x000000002000102c        0x4 CMakeFiles/main.dir/__/libraries/pico-sdk/src/rp2_common/pico_double/double_aeabi.S.obj
 .preinit_array.00020
                0x0000000020001030        0x4 CMakeFiles/main.dir/__/libraries/pico-sdk/src/rp2_common/pico_float/float_aeabi.S.obj
 *(.preinit_array)
                0x0000000020001034                PROVIDE (__preinit_array_end = .)
                0x0000000020001034                . = ALIGN (0x4)
                0x0000000020001034                PROVIDE (__init_array_start = .)
 *(SORT_BY_NAME(.init_array.*))
 *(.init_array)
 .init_array    0x0000000020001034        0x4 /usr/lib/gcc/arm-none-eabi/9.2.1/thumb/v6-m/nofp/crtbegin.o
 .init_array    0x0000000020001038        0x4 CMakeFiles/main.dir/__/libraries/pico-sdk/src/rp2_common/pico_unique_id/unique_id.c.obj
                0x000000002000103c                PROVIDE (__init_array_end = .)
                0x000000002000103c                . = ALIGN (0x4)
                0x000000002000103c                PROVIDE (__fini_array_start = .)
 *(SORT_BY_NAME(.fini_array.*))
 *(.fini_array)
                0x000000002000103c                PROVIDE (__fini_array_end = .)
 *(.jcr)
                0x000000002000103c                . = ALIGN (0x4)
                0x000000002000103c                __data_end__ = .
                0x00000000100087f4                __etext = LOADADDR (.data)

.tm_clone_table
                0x000000002000103c        0x0 load address 0x0000000010009770
 .tm_clone_table
                0x000000002000103c        0x0 /usr/lib/gcc/arm-none-eabi/9.2.1/thumb/v6-m/nofp/crtbegin.o
 .tm_clone_table
                0x000000002000103c        0x0 /usr/lib/gcc/arm-none-eabi/9.2.1/thumb/v6-m/nofp/crtend.o

.igot.plt       0x000000002000103c        0x0 load address 0x0000000010009770
 .igot.plt      0x000000002000103c        0x0 /usr/lib/gcc/arm-none-eabi/9.2.1/thumb/v6-m/nofp/crtbegin.o

.uninitialized_data
                0x000000002000103c        0x0 load address 0x0000000010009770
                0x000000002000103c                . = ALIGN (0x4)
 *(.uninitialized_data*)

.scratch_x      0x0000000020040000        0x0 load address 0x0000000010009770
                0x0000000020040000                __scratch_x_start__ = .
 *(.scratch_x.*)
                0x0000000020040000                . = ALIGN (0x4)
                0x0000000020040000                __scratch_x_end__ = .
                0x0000000010009770                __scratch_x_source__ = LOADADDR (.scratch_x)

.scratch_y      0x0000000020041000        0x0 load address 0x0000000010009770
                0x0000000020041000                __scratch_y_start__ = .
 *(.scratch_y.*)
                0x0000000020041000                . = ALIGN (0x4)
                0x0000000020041000                __scratch_y_end__ = .
                0x0000000010009770                __scratch_y_source__ = LOADADDR (.scratch_y)

.bss            0x0000000020001040      0xdb8
                0x0000000020001040                . = ALIGN (0x4)
                0x0000000020001040                __bss_start__ = .
 *(SORT_BY_ALIGNMENT(SORT_BY_NAME(.bss*)))
 .bss.default_alarm_pool_entries
                0x0000000020001040      0x100 CMakeFiles/main.dir/__/libraries/pico-sdk/src/common/pico_time/time.c.obj
 .bss.last_avail_time.7631
                0x0000000020001140        0x8 CMakeFiles/main.dir/__/libraries/pico-sdk/src/rp2_common/pico_stdio_usb/stdio_usb.c.obj
 .bss           0x0000000020001148       0x1c /usr/lib/gcc/arm-none-eabi/9.2.1/thumb/v6-m/nofp/crtbegin.o
 .bss._DNS_     0x0000000020001164        0x4 CMakeFiles/main.dir/__/libraries/ioLibrary_Driver/Ethernet/wizchip_conf.c.obj
 .bss._app_driver
                0x0000000020001168        0x4 CMakeFiles/main.dir/__/libraries/pico-sdk/lib/tinyusb/src/device/usbd.c.obj
 .bss._cdcd_itf
                0x000000002000116c      0x2c8 CMakeFiles/main.dir/__/libraries/pico-sdk/lib/tinyusb/src/class/cdc/cdc_device.c.obj
 .bss._ctrl_xfer
                0x0000000020001434       0x14 CMakeFiles/main.dir/__/libraries/pico-sdk/lib/tinyusb/src/device/usbd_control.c.obj
 .bss._ubsd_mutexdef
                0x0000000020001448        0x8 CMakeFiles/main.dir/__/libraries/pico-sdk/lib/tinyusb/src/device/usbd.c.obj
 .bss._usbd_ctrl_buf
                0x0000000020001450       0x40 CMakeFiles/main.dir/__/libraries/pico-sdk/lib/tinyusb/src/device/usbd_control.c.obj
 .bss._usbd_dev
                0x0000000020001490       0x53 CMakeFiles/main.dir/__/libraries/pico-sdk/lib/tinyusb/src/device/usbd.c.obj
 *fill*         0x00000000200014e3        0x1 
 .bss._usbd_mutex
                0x00000000200014e4        0x4 CMakeFiles/main.dir/__/libraries/pico-sdk/lib/tinyusb/src/device/usbd.c.obj
 .bss._usbd_q   0x00000000200014e8        0x4 CMakeFiles/main.dir/__/libraries/pico-sdk/lib/tinyusb/src/device/usbd.c.obj
 .bss.alarm_callbacks
                0x00000000200014ec       0x10 CMakeFiles/main.dir/__/libraries/pico-sdk/src/rp2_common/hardware_timer/timer.c.obj
 .bss.boot2_copyout
                0x00000000200014fc      0x100 CMakeFiles/main.dir/__/libraries/pico-sdk/src/rp2_common/hardware_flash/flash.c.obj
 .bss.chars_available_callback
                0x00000000200015fc        0x4 CMakeFiles/main.dir/__/libraries/pico-sdk/src/rp2_common/pico_stdio_usb/stdio_usb.c.obj
 .bss.chars_available_param
                0x0000000020001600        0x4 CMakeFiles/main.dir/__/libraries/pico-sdk/src/rp2_common/pico_stdio_usb/stdio_usb.c.obj
 .bss.claimed   0x0000000020001604        0x4 CMakeFiles/main.dir/__/libraries/pico-sdk/src/rp2_common/hardware_sync/sync.c.obj
 .bss.configured_freq
                0x0000000020001608       0x28 CMakeFiles/main.dir/__/libraries/pico-sdk/src/rp2_common/hardware_clocks/clocks.c.obj
 .bss.default_alarm_pool_entry_ids_high
                0x0000000020001630       0x10 CMakeFiles/main.dir/__/libraries/pico-sdk/src/common/pico_time/time.c.obj
 .bss.default_alarm_pool_heap_nodes
                0x0000000020001640       0x30 CMakeFiles/main.dir/__/libraries/pico-sdk/src/common/pico_time/time.c.obj
 .bss.desc_str.7423
                0x0000000020001670       0x28 CMakeFiles/main.dir/__/libraries/pico-sdk/src/rp2_common/pico_stdio_usb/stdio_usb_descriptors.c.obj
 .bss.drivers   0x0000000020001698        0x4 CMakeFiles/main.dir/__/libraries/pico-sdk/src/rp2_common/pico_stdio/stdio.c.obj
 .bss.e15_last_sof
                0x000000002000169c        0x4 CMakeFiles/main.dir/__/libraries/pico-sdk/lib/tinyusb/src/portable/raspberrypi/rp2040/rp2040_usb.c.obj
                0x000000002000169c                e15_last_sof
 .bss.filter    0x00000000200016a0        0x4 CMakeFiles/main.dir/__/libraries/pico-sdk/src/rp2_common/pico_stdio/stdio.c.obj
 .bss.g_wizchip_cri_sec
                0x00000000200016a4        0x8 CMakeFiles/main.dir/__/port/ioLibrary_Driver/src/w5x00_spi.c.obj
 .bss.hw_endpoints
                0x00000000200016ac      0x400 CMakeFiles/main.dir/__/libraries/pico-sdk/lib/tinyusb/src/portable/raspberrypi/rp2040/dcd_rp2040.c.obj
 .bss.lazy_vsnprintf
                0x0000000020001aac        0x4 CMakeFiles/main.dir/__/libraries/pico-sdk/src/rp2_common/pico_printf/printf.c.obj
 .bss.load_value
                0x0000000020001ab0        0x4 CMakeFiles/main.dir/__/libraries/pico-sdk/src/rp2_common/hardware_watchdog/watchdog.c.obj
 .bss.next_buffer_ptr
                0x0000000020001ab4        0x4 CMakeFiles/main.dir/__/libraries/pico-sdk/lib/tinyusb/src/portable/raspberrypi/rp2040/dcd_rp2040.c.obj
 .bss.one_shot_timer_crit_sec
                0x0000000020001ab8        0x8 CMakeFiles/main.dir/__/libraries/pico-sdk/src/rp2_common/pico_stdio_usb/stdio_usb.c.obj
 .bss.pools     0x0000000020001ac0       0x10 CMakeFiles/main.dir/__/libraries/pico-sdk/src/common/pico_time/time.c.obj
 .bss.retrieved_id
                0x0000000020001ad0        0x8 CMakeFiles/main.dir/__/libraries/pico-sdk/src/rp2_common/pico_unique_id/unique_id.c.obj
 .bss.sf_clz_func
                0x0000000020001ad8        0x4 CMakeFiles/main.dir/__/libraries/pico-sdk/src/rp2_common/pico_double/double_init_rom.c.obj
                0x0000000020001ad8                sf_clz_func
 .bss.sleep_notifier
                0x0000000020001adc        0x4 CMakeFiles/main.dir/__/libraries/pico-sdk/src/common/pico_time/time.c.obj
 .bss.sock_pack_info
                0x0000000020001ae0        0x8 CMakeFiles/main.dir/__/libraries/ioLibrary_Driver/Ethernet/socket.c.obj
                0x0000000020001ae0                sock_pack_info
 .bss.sock_remained_size
                0x0000000020001ae8       0x10 CMakeFiles/main.dir/__/libraries/ioLibrary_Driver/Ethernet/socket.c.obj
 .bss.stdio_usb_mutex
                0x0000000020001af8        0x8 CMakeFiles/main.dir/__/libraries/pico-sdk/src/rp2_common/pico_stdio_usb/stdio_usb.c.obj
 .bss.target_hi
                0x0000000020001b00       0x10 CMakeFiles/main.dir/__/libraries/pico-sdk/src/rp2_common/hardware_timer/timer.c.obj
 .bss.usbd_serial_str
                0x0000000020001b10       0x11 CMakeFiles/main.dir/__/libraries/pico-sdk/src/rp2_common/pico_stdio_usb/stdio_usb_descriptors.c.obj
 *fill*         0x0000000020001b21        0x1 
 .bss.sock_io_mode
                0x0000000020001b22        0x2 CMakeFiles/main.dir/__/libraries/ioLibrary_Driver/Ethernet/socket.c.obj
 .bss.sock_is_sending
                0x0000000020001b24        0x2 CMakeFiles/main.dir/__/libraries/ioLibrary_Driver/Ethernet/socket.c.obj
 .bss._DHCP_    0x0000000020001b26        0x1 CMakeFiles/main.dir/__/libraries/ioLibrary_Driver/Ethernet/wizchip_conf.c.obj
 .bss._app_driver_count
                0x0000000020001b27        0x1 CMakeFiles/main.dir/__/libraries/pico-sdk/lib/tinyusb/src/device/usbd.c.obj
 .bss._sof_enable
                0x0000000020001b28        0x1 CMakeFiles/main.dir/__/libraries/pico-sdk/lib/tinyusb/src/portable/raspberrypi/rp2040/dcd_rp2040.c.obj
 .bss.boot2_copyout_valid
                0x0000000020001b29        0x1 CMakeFiles/main.dir/__/libraries/pico-sdk/src/rp2_common/hardware_flash/flash.c.obj
 .bss.claimed   0x0000000020001b2a        0x1 CMakeFiles/main.dir/__/libraries/pico-sdk/src/rp2_common/hardware_timer/timer.c.obj
 .bss.irq_hander_chain_free_slot_head
                0x0000000020001b2b        0x1 CMakeFiles/main.dir/__/libraries/pico-sdk/src/rp2_common/hardware_irq/irq.c.obj
 .bss.itf_num   0x0000000020001b2c        0x1 CMakeFiles/main.dir/__/libraries/pico-sdk/src/rp2_common/pico_stdio_usb/reset_interface.c.obj
 .bss.low_priority_irq_num
                0x0000000020001b2d        0x1 CMakeFiles/main.dir/__/libraries/pico-sdk/src/rp2_common/pico_stdio_usb/stdio_usb.c.obj
 .bss.one_shot_timer_pending
                0x0000000020001b2e        0x1 CMakeFiles/main.dir/__/libraries/pico-sdk/src/rp2_common/pico_stdio_usb/stdio_usb.c.obj
 .bss.timer_callbacks_pending
                0x0000000020001b2f        0x1 CMakeFiles/main.dir/__/libraries/pico-sdk/src/rp2_common/hardware_timer/timer.c.obj
 .bss.user_irq_claimed
                0x0000000020001b30        0x1 CMakeFiles/main.dir/__/libraries/pico-sdk/src/rp2_common/hardware_irq/irq.c.obj
 *(COMMON)
 *fill*         0x0000000020001b31        0x3 
 COMMON         0x0000000020001b34        0x4 CMakeFiles/main.dir/main.c.obj
                0x0000000020001b34                remote_ip
 COMMON         0x0000000020001b38      0x100 CMakeFiles/main.dir/__/libraries/pico-sdk/src/rp2_common/pico_double/double_init_rom.c.obj
                0x0000000020001b38                sd_table
 COMMON         0x0000000020001c38      0x100 CMakeFiles/main.dir/__/libraries/pico-sdk/src/rp2_common/pico_float/float_init_rom.c.obj
                0x0000000020001c38                sf_table
 COMMON         0x0000000020001d38       0xc0 CMakeFiles/main.dir/__/libraries/pico-sdk/lib/tinyusb/src/device/usbd.c.obj
                0x0000000020001d38                _usbd_qdef_buf
                0x0000000020001df8                . = ALIGN (0x4)
                0x0000000020001df8                __bss_end__ = .

.heap           0x0000000020001df8      0x800
                0x0000000020001df8                __end__ = .
                0x0000000020001df8                end = __end__
 *(.heap*)
 .heap          0x0000000020001df8      0x800 CMakeFiles/main.dir/__/libraries/pico-sdk/src/rp2_common/pico_standard_link/crt0.S.obj
                0x00000000200025f8                __HeapLimit = .

.stack1_dummy   0x0000000020040000        0x0
 *(.stack1*)

.stack_dummy    0x0000000020041000      0x800
 *(.stack*)
 .stack         0x0000000020041000      0x800 CMakeFiles/main.dir/__/libraries/pico-sdk/src/rp2_common/pico_standard_link/crt0.S.obj

.flash_end      0x0000000010009770        0x0
                0x0000000010009770                PROVIDE (__flash_binary_end = .)
                0x0000000020040000                __StackLimit = (ORIGIN (RAM) + LENGTH (RAM))
                0x0000000020041000                __StackOneTop = (ORIGIN (SCRATCH_X) + LENGTH (SCRATCH_X))
                0x0000000020042000                __StackTop = (ORIGIN (SCRATCH_Y) + LENGTH (SCRATCH_Y))
                0x0000000020041000                __StackOneBottom = (__StackOneTop - SIZEOF (.stack1_dummy))
                0x0000000020041800                __StackBottom = (__StackTop - SIZEOF (.stack_dummy))
                0x0000000020042000                PROVIDE (__stack = __StackTop)
                0x0000000000000001                ASSERT ((__StackLimit >= __HeapLimit), region RAM overflowed)
                0x0000000000000001                ASSERT (((__binary_info_header_end - __logical_binary_start) <= 0x100), Binary info must be in first 256 bytes of the binary)
LOAD CMakeFiles/main.dir/main.c.obj
LOAD CMakeFiles/main.dir/__/libraries/pico-sdk/src/rp2_common/pico_stdlib/stdlib.c.obj
LOAD CMakeFiles/main.dir/__/libraries/pico-sdk/src/rp2_common/hardware_gpio/gpio.c.obj
LOAD CMakeFiles/main.dir/__/libraries/pico-sdk/src/rp2_common/pico_platform/platform.c.obj
LOAD CMakeFiles/main.dir/__/libraries/pico-sdk/src/rp2_common/hardware_claim/claim.c.obj
LOAD CMakeFiles/main.dir/__/libraries/pico-sdk/src/rp2_common/hardware_sync/sync.c.obj
LOAD CMakeFiles/main.dir/__/libraries/pico-sdk/src/rp2_common/hardware_irq/irq.c.obj
LOAD CMakeFiles/main.dir/__/libraries/pico-sdk/src/rp2_common/hardware_irq/irq_handler_chain.S.obj
LOAD CMakeFiles/main.dir/__/libraries/pico-sdk/src/common/pico_sync/sem.c.obj
LOAD CMakeFiles/main.dir/__/libraries/pico-sdk/src/common/pico_sync/lock_core.c.obj
LOAD CMakeFiles/main.dir/__/libraries/pico-sdk/src/common/pico_sync/mutex.c.obj
LOAD CMakeFiles/main.dir/__/libraries/pico-sdk/src/common/pico_sync/critical_section.c.obj
LOAD CMakeFiles/main.dir/__/libraries/pico-sdk/src/common/pico_time/time.c.obj
LOAD CMakeFiles/main.dir/__/libraries/pico-sdk/src/common/pico_time/timeout_helper.c.obj
LOAD CMakeFiles/main.dir/__/libraries/pico-sdk/src/rp2_common/hardware_timer/timer.c.obj
LOAD CMakeFiles/main.dir/__/libraries/pico-sdk/src/common/pico_util/datetime.c.obj
LOAD CMakeFiles/main.dir/__/libraries/pico-sdk/src/common/pico_util/pheap.c.obj
LOAD CMakeFiles/main.dir/__/libraries/pico-sdk/src/common/pico_util/queue.c.obj
LOAD CMakeFiles/main.dir/__/libraries/pico-sdk/src/rp2_common/hardware_uart/uart.c.obj
LOAD CMakeFiles/main.dir/__/libraries/pico-sdk/src/rp2_common/hardware_clocks/clocks.c.obj
LOAD CMakeFiles/main.dir/__/libraries/pico-sdk/src/rp2_common/hardware_pll/pll.c.obj
LOAD CMakeFiles/main.dir/__/libraries/pico-sdk/src/rp2_common/hardware_vreg/vreg.c.obj
LOAD CMakeFiles/main.dir/__/libraries/pico-sdk/src/rp2_common/hardware_watchdog/watchdog.c.obj
LOAD CMakeFiles/main.dir/__/libraries/pico-sdk/src/rp2_common/hardware_xosc/xosc.c.obj
LOAD CMakeFiles/main.dir/__/libraries/pico-sdk/src/rp2_common/hardware_divider/divider.S.obj
LOAD CMakeFiles/main.dir/__/libraries/pico-sdk/src/rp2_common/pico_runtime/runtime.c.obj
LOAD CMakeFiles/main.dir/__/libraries/pico-sdk/src/rp2_common/pico_printf/printf.c.obj
LOAD CMakeFiles/main.dir/__/libraries/pico-sdk/src/rp2_common/pico_bit_ops/bit_ops_aeabi.S.obj
LOAD CMakeFiles/main.dir/__/libraries/pico-sdk/src/rp2_common/pico_bootrom/bootrom.c.obj
LOAD CMakeFiles/main.dir/__/libraries/pico-sdk/src/rp2_common/pico_divider/divider.S.obj
LOAD CMakeFiles/main.dir/__/libraries/pico-sdk/src/rp2_common/pico_double/double_aeabi.S.obj
LOAD CMakeFiles/main.dir/__/libraries/pico-sdk/src/rp2_common/pico_double/double_init_rom.c.obj
LOAD CMakeFiles/main.dir/__/libraries/pico-sdk/src/rp2_common/pico_double/double_math.c.obj
LOAD CMakeFiles/main.dir/__/libraries/pico-sdk/src/rp2_common/pico_double/double_v1_rom_shim.S.obj
LOAD CMakeFiles/main.dir/__/libraries/pico-sdk/src/rp2_common/pico_int64_ops/pico_int64_ops_aeabi.S.obj
LOAD CMakeFiles/main.dir/__/libraries/pico-sdk/src/rp2_common/pico_float/float_aeabi.S.obj
LOAD CMakeFiles/main.dir/__/libraries/pico-sdk/src/rp2_common/pico_float/float_init_rom.c.obj
LOAD CMakeFiles/main.dir/__/libraries/pico-sdk/src/rp2_common/pico_float/float_math.c.obj
LOAD CMakeFiles/main.dir/__/libraries/pico-sdk/src/rp2_common/pico_float/float_v1_rom_shim.S.obj
LOAD CMakeFiles/main.dir/__/libraries/pico-sdk/src/rp2_common/pico_malloc/pico_malloc.c.obj
LOAD CMakeFiles/main.dir/__/libraries/pico-sdk/src/rp2_common/pico_mem_ops/mem_ops_aeabi.S.obj
LOAD CMakeFiles/main.dir/__/libraries/pico-sdk/src/rp2_common/pico_standard_link/crt0.S.obj
LOAD CMakeFiles/main.dir/__/libraries/pico-sdk/src/rp2_common/pico_standard_link/new_delete.cpp.obj
LOAD CMakeFiles/main.dir/__/libraries/pico-sdk/src/rp2_common/pico_standard_link/binary_info.c.obj
LOAD CMakeFiles/main.dir/__/libraries/pico-sdk/src/rp2_common/pico_stdio/stdio.c.obj
LOAD CMakeFiles/main.dir/__/libraries/pico-sdk/src/rp2_common/pico_stdio_usb/reset_interface.c.obj
LOAD CMakeFiles/main.dir/__/libraries/pico-sdk/src/rp2_common/pico_stdio_usb/stdio_usb.c.obj
LOAD CMakeFiles/main.dir/__/libraries/pico-sdk/src/rp2_common/pico_stdio_usb/stdio_usb_descriptors.c.obj
LOAD CMakeFiles/main.dir/__/libraries/pico-sdk/src/rp2_common/pico_unique_id/unique_id.c.obj
LOAD CMakeFiles/main.dir/__/libraries/pico-sdk/src/rp2_common/hardware_flash/flash.c.obj
LOAD CMakeFiles/main.dir/__/libraries/pico-sdk/lib/tinyusb/src/portable/raspberrypi/rp2040/dcd_rp2040.c.obj
LOAD CMakeFiles/main.dir/__/libraries/pico-sdk/lib/tinyusb/src/portable/raspberrypi/rp2040/rp2040_usb.c.obj
LOAD CMakeFiles/main.dir/__/libraries/pico-sdk/lib/tinyusb/src/device/usbd.c.obj
LOAD CMakeFiles/main.dir/__/libraries/pico-sdk/lib/tinyusb/src/device/usbd_control.c.obj